ARM GAS  C:\Users\Zeynep\AppData\Local\Temp\ccKQpygx.s 			page 1


   1              		.syntax unified
   2              		.cpu cortex-m0
   3              		.fpu softvfp
   4              		.eabi_attribute 20, 1
   5              		.eabi_attribute 21, 1
   6              		.eabi_attribute 23, 3
   7              		.eabi_attribute 24, 1
   8              		.eabi_attribute 25, 1
   9              		.eabi_attribute 26, 1
  10              		.eabi_attribute 30, 1
  11              		.eabi_attribute 34, 0
  12              		.eabi_attribute 18, 4
  13              		.thumb
  14              		.syntax unified
  15              		.file	"cyfitter_cfg.c"
  16              		.text
  17              	.Ltext0:
  18              		.cfi_sections	.debug_frame
  19              		.section	.text.AnalogSetDefault,"ax",%progbits
  20              		.align	2
  21              		.code	16
  22              		.thumb_func
  23              		.type	AnalogSetDefault, %function
  24              	AnalogSetDefault:
  25              	.LFB5:
  26              		.file 1 "Generated_Source\\PSoC4\\cyfitter_cfg.c"
   1:Generated_Source\PSoC4/cyfitter_cfg.c **** 
   2:Generated_Source\PSoC4/cyfitter_cfg.c **** /*******************************************************************************
   3:Generated_Source\PSoC4/cyfitter_cfg.c **** * File Name: cyfitter_cfg.c
   4:Generated_Source\PSoC4/cyfitter_cfg.c **** * 
   5:Generated_Source\PSoC4/cyfitter_cfg.c **** * PSoC Creator  4.4
   6:Generated_Source\PSoC4/cyfitter_cfg.c **** *
   7:Generated_Source\PSoC4/cyfitter_cfg.c **** * Description:
   8:Generated_Source\PSoC4/cyfitter_cfg.c **** * This file contains device initialization code.
   9:Generated_Source\PSoC4/cyfitter_cfg.c **** * Except for the user defined sections in CyClockStartupError(), this file should not be modified.
  10:Generated_Source\PSoC4/cyfitter_cfg.c **** * This file is automatically generated by PSoC Creator.
  11:Generated_Source\PSoC4/cyfitter_cfg.c **** *
  12:Generated_Source\PSoC4/cyfitter_cfg.c **** ********************************************************************************
  13:Generated_Source\PSoC4/cyfitter_cfg.c **** * Copyright (c) 2007-2020 Cypress Semiconductor.  All rights reserved.
  14:Generated_Source\PSoC4/cyfitter_cfg.c **** * You may use this file only in accordance with the license, terms, conditions, 
  15:Generated_Source\PSoC4/cyfitter_cfg.c **** * disclaimers, and limitations in the end user license agreement accompanying 
  16:Generated_Source\PSoC4/cyfitter_cfg.c **** * the software package with which this file was provided.
  17:Generated_Source\PSoC4/cyfitter_cfg.c **** ********************************************************************************/
  18:Generated_Source\PSoC4/cyfitter_cfg.c **** 
  19:Generated_Source\PSoC4/cyfitter_cfg.c **** #include <string.h>
  20:Generated_Source\PSoC4/cyfitter_cfg.c **** #include "cytypes.h"
  21:Generated_Source\PSoC4/cyfitter_cfg.c **** #include "cydevice_trm.h"
  22:Generated_Source\PSoC4/cyfitter_cfg.c **** #include "cyfitter.h"
  23:Generated_Source\PSoC4/cyfitter_cfg.c **** #include "CyLib.h"
  24:Generated_Source\PSoC4/cyfitter_cfg.c **** #include "CyLFClk.h"
  25:Generated_Source\PSoC4/cyfitter_cfg.c **** #include "cyfitter_cfg.h"
  26:Generated_Source\PSoC4/cyfitter_cfg.c **** #include "cyapicallbacks.h"
  27:Generated_Source\PSoC4/cyfitter_cfg.c **** 
  28:Generated_Source\PSoC4/cyfitter_cfg.c **** 
  29:Generated_Source\PSoC4/cyfitter_cfg.c **** #if defined(__GNUC__) || defined(__ARMCC_VERSION)
  30:Generated_Source\PSoC4/cyfitter_cfg.c ****     #define CYPACKED 
  31:Generated_Source\PSoC4/cyfitter_cfg.c ****     #define CYPACKED_ATTR __attribute__ ((packed))
ARM GAS  C:\Users\Zeynep\AppData\Local\Temp\ccKQpygx.s 			page 2


  32:Generated_Source\PSoC4/cyfitter_cfg.c ****     #define CYALIGNED __attribute__ ((aligned))
  33:Generated_Source\PSoC4/cyfitter_cfg.c ****     #define CY_CFG_UNUSED __attribute__ ((unused))
  34:Generated_Source\PSoC4/cyfitter_cfg.c ****     #ifndef CY_CFG_SECTION
  35:Generated_Source\PSoC4/cyfitter_cfg.c ****         #define CY_CFG_SECTION __attribute__ ((section(".psocinit")))
  36:Generated_Source\PSoC4/cyfitter_cfg.c ****     #endif
  37:Generated_Source\PSoC4/cyfitter_cfg.c ****     
  38:Generated_Source\PSoC4/cyfitter_cfg.c ****     #if defined(__ARMCC_VERSION)
  39:Generated_Source\PSoC4/cyfitter_cfg.c ****         #define CY_CFG_MEMORY_BARRIER() __memory_changed()
  40:Generated_Source\PSoC4/cyfitter_cfg.c ****     #else
  41:Generated_Source\PSoC4/cyfitter_cfg.c ****         #define CY_CFG_MEMORY_BARRIER() __sync_synchronize()
  42:Generated_Source\PSoC4/cyfitter_cfg.c ****     #endif
  43:Generated_Source\PSoC4/cyfitter_cfg.c ****     
  44:Generated_Source\PSoC4/cyfitter_cfg.c **** #elif defined(__ICCARM__)
  45:Generated_Source\PSoC4/cyfitter_cfg.c ****     #include <intrinsics.h>
  46:Generated_Source\PSoC4/cyfitter_cfg.c **** 
  47:Generated_Source\PSoC4/cyfitter_cfg.c ****     #define CYPACKED __packed
  48:Generated_Source\PSoC4/cyfitter_cfg.c ****     #define CYPACKED_ATTR 
  49:Generated_Source\PSoC4/cyfitter_cfg.c ****     #define CYALIGNED _Pragma("data_alignment=4")
  50:Generated_Source\PSoC4/cyfitter_cfg.c ****     #define CY_CFG_UNUSED _Pragma("diag_suppress=Pe177")
  51:Generated_Source\PSoC4/cyfitter_cfg.c ****     #define CY_CFG_SECTION _Pragma("location=\".psocinit\"")
  52:Generated_Source\PSoC4/cyfitter_cfg.c ****     
  53:Generated_Source\PSoC4/cyfitter_cfg.c ****     #define CY_CFG_MEMORY_BARRIER() __DMB()
  54:Generated_Source\PSoC4/cyfitter_cfg.c ****     
  55:Generated_Source\PSoC4/cyfitter_cfg.c **** #else
  56:Generated_Source\PSoC4/cyfitter_cfg.c ****     #error Unsupported toolchain
  57:Generated_Source\PSoC4/cyfitter_cfg.c **** #endif
  58:Generated_Source\PSoC4/cyfitter_cfg.c **** 
  59:Generated_Source\PSoC4/cyfitter_cfg.c **** #ifndef CYCODE
  60:Generated_Source\PSoC4/cyfitter_cfg.c ****     #define CYCODE
  61:Generated_Source\PSoC4/cyfitter_cfg.c **** #endif
  62:Generated_Source\PSoC4/cyfitter_cfg.c **** #ifndef CYDATA
  63:Generated_Source\PSoC4/cyfitter_cfg.c ****     #define CYDATA
  64:Generated_Source\PSoC4/cyfitter_cfg.c **** #endif
  65:Generated_Source\PSoC4/cyfitter_cfg.c **** #ifndef CYFAR
  66:Generated_Source\PSoC4/cyfitter_cfg.c ****     #define CYFAR
  67:Generated_Source\PSoC4/cyfitter_cfg.c **** #endif
  68:Generated_Source\PSoC4/cyfitter_cfg.c **** #ifndef CYXDATA
  69:Generated_Source\PSoC4/cyfitter_cfg.c ****     #define CYXDATA
  70:Generated_Source\PSoC4/cyfitter_cfg.c **** #endif
  71:Generated_Source\PSoC4/cyfitter_cfg.c **** 
  72:Generated_Source\PSoC4/cyfitter_cfg.c **** 
  73:Generated_Source\PSoC4/cyfitter_cfg.c **** CY_CFG_UNUSED
  74:Generated_Source\PSoC4/cyfitter_cfg.c **** static void CYMEMZERO(void *s, size_t n);
  75:Generated_Source\PSoC4/cyfitter_cfg.c **** CY_CFG_UNUSED
  76:Generated_Source\PSoC4/cyfitter_cfg.c **** static void CYMEMZERO(void *s, size_t n)
  77:Generated_Source\PSoC4/cyfitter_cfg.c **** {
  78:Generated_Source\PSoC4/cyfitter_cfg.c **** 	(void)memset(s, 0, n);
  79:Generated_Source\PSoC4/cyfitter_cfg.c **** }
  80:Generated_Source\PSoC4/cyfitter_cfg.c **** CY_CFG_UNUSED
  81:Generated_Source\PSoC4/cyfitter_cfg.c **** static void CYCONFIGCPY(void *dest, const void *src, size_t n);
  82:Generated_Source\PSoC4/cyfitter_cfg.c **** CY_CFG_UNUSED
  83:Generated_Source\PSoC4/cyfitter_cfg.c **** static void CYCONFIGCPY(void *dest, const void *src, size_t n)
  84:Generated_Source\PSoC4/cyfitter_cfg.c **** {
  85:Generated_Source\PSoC4/cyfitter_cfg.c **** 	(void)memcpy(dest, src, n);
  86:Generated_Source\PSoC4/cyfitter_cfg.c **** }
  87:Generated_Source\PSoC4/cyfitter_cfg.c **** CY_CFG_UNUSED
  88:Generated_Source\PSoC4/cyfitter_cfg.c **** static void CYCONFIGCPYCODE(void *dest, const void *src, size_t n);
ARM GAS  C:\Users\Zeynep\AppData\Local\Temp\ccKQpygx.s 			page 3


  89:Generated_Source\PSoC4/cyfitter_cfg.c **** CY_CFG_UNUSED
  90:Generated_Source\PSoC4/cyfitter_cfg.c **** static void CYCONFIGCPYCODE(void *dest, const void *src, size_t n)
  91:Generated_Source\PSoC4/cyfitter_cfg.c **** {
  92:Generated_Source\PSoC4/cyfitter_cfg.c **** 	(void)memcpy(dest, src, n);
  93:Generated_Source\PSoC4/cyfitter_cfg.c **** }
  94:Generated_Source\PSoC4/cyfitter_cfg.c **** 
  95:Generated_Source\PSoC4/cyfitter_cfg.c **** 
  96:Generated_Source\PSoC4/cyfitter_cfg.c **** 
  97:Generated_Source\PSoC4/cyfitter_cfg.c **** 
  98:Generated_Source\PSoC4/cyfitter_cfg.c **** /* Clock startup error codes                                                   */
  99:Generated_Source\PSoC4/cyfitter_cfg.c **** #define CYCLOCKSTART_NO_ERROR    0u
 100:Generated_Source\PSoC4/cyfitter_cfg.c **** #define CYCLOCKSTART_XTAL_ERROR  1u
 101:Generated_Source\PSoC4/cyfitter_cfg.c **** #define CYCLOCKSTART_32KHZ_ERROR 2u
 102:Generated_Source\PSoC4/cyfitter_cfg.c **** #define CYCLOCKSTART_PLL_ERROR   3u
 103:Generated_Source\PSoC4/cyfitter_cfg.c **** #define CYCLOCKSTART_FLL_ERROR   4u
 104:Generated_Source\PSoC4/cyfitter_cfg.c **** #define CYCLOCKSTART_WCO_ERROR   5u
 105:Generated_Source\PSoC4/cyfitter_cfg.c **** 
 106:Generated_Source\PSoC4/cyfitter_cfg.c **** 
 107:Generated_Source\PSoC4/cyfitter_cfg.c **** #ifdef CY_NEED_CYCLOCKSTARTUPERROR
 108:Generated_Source\PSoC4/cyfitter_cfg.c **** /*******************************************************************************
 109:Generated_Source\PSoC4/cyfitter_cfg.c **** * Function Name: CyClockStartupError
 110:Generated_Source\PSoC4/cyfitter_cfg.c **** ********************************************************************************
 111:Generated_Source\PSoC4/cyfitter_cfg.c **** * Summary:
 112:Generated_Source\PSoC4/cyfitter_cfg.c **** *  If an error is encountered during clock configuration (crystal startup error,
 113:Generated_Source\PSoC4/cyfitter_cfg.c **** *  PLL lock error, etc.), the system will end up here.  Unless reimplemented by
 114:Generated_Source\PSoC4/cyfitter_cfg.c **** *  the customer, this function will stop in an infinite loop.
 115:Generated_Source\PSoC4/cyfitter_cfg.c **** *
 116:Generated_Source\PSoC4/cyfitter_cfg.c **** * Parameters:
 117:Generated_Source\PSoC4/cyfitter_cfg.c **** *   void
 118:Generated_Source\PSoC4/cyfitter_cfg.c **** *
 119:Generated_Source\PSoC4/cyfitter_cfg.c **** * Return:
 120:Generated_Source\PSoC4/cyfitter_cfg.c **** *   void
 121:Generated_Source\PSoC4/cyfitter_cfg.c **** *
 122:Generated_Source\PSoC4/cyfitter_cfg.c **** *******************************************************************************/
 123:Generated_Source\PSoC4/cyfitter_cfg.c **** CY_CFG_UNUSED
 124:Generated_Source\PSoC4/cyfitter_cfg.c **** static void CyClockStartupError(uint8 errorCode);
 125:Generated_Source\PSoC4/cyfitter_cfg.c **** CY_CFG_UNUSED
 126:Generated_Source\PSoC4/cyfitter_cfg.c **** static void CyClockStartupError(uint8 errorCode)
 127:Generated_Source\PSoC4/cyfitter_cfg.c **** {
 128:Generated_Source\PSoC4/cyfitter_cfg.c ****     /* To remove the compiler warning if errorCode not used.                */
 129:Generated_Source\PSoC4/cyfitter_cfg.c ****     errorCode = errorCode;
 130:Generated_Source\PSoC4/cyfitter_cfg.c **** 
 131:Generated_Source\PSoC4/cyfitter_cfg.c ****     /* If we have a clock startup error (bad MHz crystal, PLL lock, etc.),  */
 132:Generated_Source\PSoC4/cyfitter_cfg.c ****     /* we will end up here to allow the customer to implement something to  */
 133:Generated_Source\PSoC4/cyfitter_cfg.c ****     /* deal with the clock condition.                                       */
 134:Generated_Source\PSoC4/cyfitter_cfg.c **** 
 135:Generated_Source\PSoC4/cyfitter_cfg.c **** #ifdef CY_CFG_CLOCK_STARTUP_ERROR_CALLBACK
 136:Generated_Source\PSoC4/cyfitter_cfg.c ****     CY_CFG_Clock_Startup_ErrorCallback();
 137:Generated_Source\PSoC4/cyfitter_cfg.c **** #else
 138:Generated_Source\PSoC4/cyfitter_cfg.c ****     /*  If not using CY_CFG_CLOCK_STARTUP_ERROR_CALLBACK, place your clock startup code here. */
 139:Generated_Source\PSoC4/cyfitter_cfg.c ****     /* `#START CyClockStartupError` */
 140:Generated_Source\PSoC4/cyfitter_cfg.c **** 
 141:Generated_Source\PSoC4/cyfitter_cfg.c **** 
 142:Generated_Source\PSoC4/cyfitter_cfg.c **** 
 143:Generated_Source\PSoC4/cyfitter_cfg.c ****     /* `#END` */
 144:Generated_Source\PSoC4/cyfitter_cfg.c **** 
 145:Generated_Source\PSoC4/cyfitter_cfg.c ****     while(1) {}
ARM GAS  C:\Users\Zeynep\AppData\Local\Temp\ccKQpygx.s 			page 4


 146:Generated_Source\PSoC4/cyfitter_cfg.c **** #endif /* CY_CFG_CLOCK_STARTUP_ERROR_CALLBACK */
 147:Generated_Source\PSoC4/cyfitter_cfg.c **** }
 148:Generated_Source\PSoC4/cyfitter_cfg.c **** #endif
 149:Generated_Source\PSoC4/cyfitter_cfg.c **** 
 150:Generated_Source\PSoC4/cyfitter_cfg.c **** 
 151:Generated_Source\PSoC4/cyfitter_cfg.c **** 
 152:Generated_Source\PSoC4/cyfitter_cfg.c **** /*******************************************************************************
 153:Generated_Source\PSoC4/cyfitter_cfg.c **** * Function Name: ClockSetup
 154:Generated_Source\PSoC4/cyfitter_cfg.c **** ********************************************************************************
 155:Generated_Source\PSoC4/cyfitter_cfg.c **** *
 156:Generated_Source\PSoC4/cyfitter_cfg.c **** * Summary:
 157:Generated_Source\PSoC4/cyfitter_cfg.c **** *   Performs the initialization of all of the clocks in the device based on the
 158:Generated_Source\PSoC4/cyfitter_cfg.c **** *   settings in the Clock tab of the DWR.  This includes enabling the requested
 159:Generated_Source\PSoC4/cyfitter_cfg.c **** *   clocks and setting the necessary dividers to produce the desired frequency. 
 160:Generated_Source\PSoC4/cyfitter_cfg.c **** *
 161:Generated_Source\PSoC4/cyfitter_cfg.c **** * Parameters:
 162:Generated_Source\PSoC4/cyfitter_cfg.c **** *   void
 163:Generated_Source\PSoC4/cyfitter_cfg.c **** *
 164:Generated_Source\PSoC4/cyfitter_cfg.c **** * Return:
 165:Generated_Source\PSoC4/cyfitter_cfg.c **** *   void
 166:Generated_Source\PSoC4/cyfitter_cfg.c **** *
 167:Generated_Source\PSoC4/cyfitter_cfg.c **** *******************************************************************************/
 168:Generated_Source\PSoC4/cyfitter_cfg.c **** static void ClockSetup(void);
 169:Generated_Source\PSoC4/cyfitter_cfg.c **** CY_CFG_SECTION
 170:Generated_Source\PSoC4/cyfitter_cfg.c **** static void ClockSetup(void)
 171:Generated_Source\PSoC4/cyfitter_cfg.c **** {
 172:Generated_Source\PSoC4/cyfitter_cfg.c **** 
 173:Generated_Source\PSoC4/cyfitter_cfg.c **** 	/* Set Flash Cycles based on max possible frequency in case a glitch occurs during ClockSetup(). *
 174:Generated_Source\PSoC4/cyfitter_cfg.c **** 	CY_SET_REG32((void CYXDATA *)(CYREG_CPUSS_FLASH_CTL), (0x0012u));
 175:Generated_Source\PSoC4/cyfitter_cfg.c **** 	/* Setup and trim IMO based on desired frequency. */
 176:Generated_Source\PSoC4/cyfitter_cfg.c **** 	CySysClkWriteImoFreq(48u);
 177:Generated_Source\PSoC4/cyfitter_cfg.c **** 	/* CYDEV_CLK_ILO_CONFIG Starting address: CYDEV_CLK_ILO_CONFIG */
 178:Generated_Source\PSoC4/cyfitter_cfg.c **** 	CY_SET_REG32((void *)(CYREG_CLK_ILO_CONFIG), 0x80000006u);
 179:Generated_Source\PSoC4/cyfitter_cfg.c **** 
 180:Generated_Source\PSoC4/cyfitter_cfg.c **** 
 181:Generated_Source\PSoC4/cyfitter_cfg.c **** 	/* Setup phase aligned clocks */
 182:Generated_Source\PSoC4/cyfitter_cfg.c **** 	CY_SET_REG32((void *)CYREG_PERI_DIV_16_CTL0, 0x00000300u);
 183:Generated_Source\PSoC4/cyfitter_cfg.c **** 	CY_SET_REG32((void *)CYREG_PERI_DIV_CMD, 0x8000FF40u);
 184:Generated_Source\PSoC4/cyfitter_cfg.c **** 	CY_SET_REG32((void *)CYREG_PERI_DIV_16_CTL1, 0x00002200u);
 185:Generated_Source\PSoC4/cyfitter_cfg.c **** 	CY_SET_REG32((void *)CYREG_PERI_DIV_CMD, 0x8000FF41u);
 186:Generated_Source\PSoC4/cyfitter_cfg.c **** 
 187:Generated_Source\PSoC4/cyfitter_cfg.c **** 	/* CYDEV_CLK_IMO_CONFIG Starting address: CYDEV_CLK_IMO_CONFIG */
 188:Generated_Source\PSoC4/cyfitter_cfg.c **** 	CY_SET_REG32((void *)(CYREG_CLK_IMO_CONFIG), 0x80000000u);
 189:Generated_Source\PSoC4/cyfitter_cfg.c **** 
 190:Generated_Source\PSoC4/cyfitter_cfg.c **** 	/* CYDEV_CLK_SELECT Starting address: CYDEV_CLK_SELECT */
 191:Generated_Source\PSoC4/cyfitter_cfg.c **** 	CY_SET_REG32((void *)(CYREG_CLK_SELECT), 0x00040000u);
 192:Generated_Source\PSoC4/cyfitter_cfg.c **** 
 193:Generated_Source\PSoC4/cyfitter_cfg.c **** 	/* CYDEV_PERI_PCLK_CTL11 Starting address: CYDEV_PERI_PCLK_CTL11 */
 194:Generated_Source\PSoC4/cyfitter_cfg.c **** 	CY_SET_REG32((void *)(CYREG_PERI_PCLK_CTL11), 0x00000040u);
 195:Generated_Source\PSoC4/cyfitter_cfg.c **** 
 196:Generated_Source\PSoC4/cyfitter_cfg.c **** 	/* CYDEV_PERI_PCLK_CTL3 Starting address: CYDEV_PERI_PCLK_CTL3 */
 197:Generated_Source\PSoC4/cyfitter_cfg.c **** 	CY_SET_REG32((void *)(CYREG_PERI_PCLK_CTL3), 0x00000041u);
 198:Generated_Source\PSoC4/cyfitter_cfg.c **** 
 199:Generated_Source\PSoC4/cyfitter_cfg.c **** 	(void)CyIntSetVector(7u, &CySysWdtIsr);
 200:Generated_Source\PSoC4/cyfitter_cfg.c **** 	CyIntEnable(7u);
 201:Generated_Source\PSoC4/cyfitter_cfg.c **** 	CY_SET_REG32((void *)(CYREG_WDT_CONFIG), 0x00000000u);
 202:Generated_Source\PSoC4/cyfitter_cfg.c **** }
ARM GAS  C:\Users\Zeynep\AppData\Local\Temp\ccKQpygx.s 			page 5


 203:Generated_Source\PSoC4/cyfitter_cfg.c **** 
 204:Generated_Source\PSoC4/cyfitter_cfg.c **** 
 205:Generated_Source\PSoC4/cyfitter_cfg.c **** /* Analog API Functions */
 206:Generated_Source\PSoC4/cyfitter_cfg.c **** 
 207:Generated_Source\PSoC4/cyfitter_cfg.c **** 
 208:Generated_Source\PSoC4/cyfitter_cfg.c **** /*******************************************************************************
 209:Generated_Source\PSoC4/cyfitter_cfg.c **** * Function Name: AnalogSetDefault
 210:Generated_Source\PSoC4/cyfitter_cfg.c **** ********************************************************************************
 211:Generated_Source\PSoC4/cyfitter_cfg.c **** *
 212:Generated_Source\PSoC4/cyfitter_cfg.c **** * Summary:
 213:Generated_Source\PSoC4/cyfitter_cfg.c **** *  Sets up the analog portions of the chip to default values based on chip
 214:Generated_Source\PSoC4/cyfitter_cfg.c **** *  configuration options from the project.
 215:Generated_Source\PSoC4/cyfitter_cfg.c **** *
 216:Generated_Source\PSoC4/cyfitter_cfg.c **** * Parameters:
 217:Generated_Source\PSoC4/cyfitter_cfg.c **** *  void
 218:Generated_Source\PSoC4/cyfitter_cfg.c **** *
 219:Generated_Source\PSoC4/cyfitter_cfg.c **** * Return:
 220:Generated_Source\PSoC4/cyfitter_cfg.c **** *  void
 221:Generated_Source\PSoC4/cyfitter_cfg.c **** *
 222:Generated_Source\PSoC4/cyfitter_cfg.c **** *******************************************************************************/
 223:Generated_Source\PSoC4/cyfitter_cfg.c **** static void AnalogSetDefault(void);
 224:Generated_Source\PSoC4/cyfitter_cfg.c **** static void AnalogSetDefault(void)
 225:Generated_Source\PSoC4/cyfitter_cfg.c **** {
  27              		.loc 1 225 0
  28              		.cfi_startproc
  29              		@ args = 0, pretend = 0, frame = 0
  30              		@ frame_needed = 0, uses_anonymous_args = 0
  31              		@ link register save eliminated.
 226:Generated_Source\PSoC4/cyfitter_cfg.c **** 	CY_SET_XTND_REG32((void CYFAR *)CYREG_CTBM0_DFT_CTRL, 0x00000003u);
  32              		.loc 1 226 0
  33 0000 0323     		movs	r3, #3
  34 0002 044A     		ldr	r2, .L2
  35 0004 1360     		str	r3, [r2]
 227:Generated_Source\PSoC4/cyfitter_cfg.c **** 	CY_SET_XTND_REG32((void CYFAR *)CYREG_CTBM1_DFT_CTRL, 0x00000003u);
  36              		.loc 1 227 0
  37 0006 044A     		ldr	r2, .L2+4
  38 0008 1360     		str	r3, [r2]
 228:Generated_Source\PSoC4/cyfitter_cfg.c **** 	CY_SET_XTND_REG32((void CYFAR *)CYREG_PASS_DSAB_DSAB_CTRL, 0x00000000u);
  39              		.loc 1 228 0
  40 000a 0022     		movs	r2, #0
  41 000c 034B     		ldr	r3, .L2+8
  42 000e 1A60     		str	r2, [r3]
 229:Generated_Source\PSoC4/cyfitter_cfg.c **** }
  43              		.loc 1 229 0
  44              		@ sp needed
  45 0010 7047     		bx	lr
  46              	.L3:
  47 0012 C046     		.align	2
  48              	.L2:
  49 0014 30003040 		.word	1076887600
  50 0018 30003140 		.word	1076953136
  51 001c 000E3F40 		.word	1077874176
  52              		.cfi_endproc
  53              	.LFE5:
  54              		.size	AnalogSetDefault, .-AnalogSetDefault
  55              		.section	.text.CYMEMZERO,"ax",%progbits
  56              		.align	2
ARM GAS  C:\Users\Zeynep\AppData\Local\Temp\ccKQpygx.s 			page 6


  57              		.code	16
  58              		.thumb_func
  59              		.type	CYMEMZERO, %function
  60              	CYMEMZERO:
  61              	.LFB1:
  77:Generated_Source\PSoC4/cyfitter_cfg.c **** 	(void)memset(s, 0, n);
  62              		.loc 1 77 0
  63              		.cfi_startproc
  64              		@ args = 0, pretend = 0, frame = 0
  65              		@ frame_needed = 0, uses_anonymous_args = 0
  66              	.LVL0:
  67 0000 10B5     		push	{r4, lr}
  68              		.cfi_def_cfa_offset 8
  69              		.cfi_offset 4, -8
  70              		.cfi_offset 14, -4
  71 0002 0A00     		movs	r2, r1
  78:Generated_Source\PSoC4/cyfitter_cfg.c **** }
  72              		.loc 1 78 0
  73 0004 0021     		movs	r1, #0
  74              	.LVL1:
  75 0006 FFF7FEFF 		bl	memset
  76              	.LVL2:
  79:Generated_Source\PSoC4/cyfitter_cfg.c **** CY_CFG_UNUSED
  77              		.loc 1 79 0
  78              		@ sp needed
  79 000a 10BD     		pop	{r4, pc}
  80              		.cfi_endproc
  81              	.LFE1:
  82              		.size	CYMEMZERO, .-CYMEMZERO
  83              		.section	.psocinit,"ax",%progbits
  84              		.align	2
  85              		.code	16
  86              		.thumb_func
  87              		.type	ClockSetup, %function
  88              	ClockSetup:
  89              	.LFB4:
 171:Generated_Source\PSoC4/cyfitter_cfg.c **** 
  90              		.loc 1 171 0
  91              		.cfi_startproc
  92              		@ args = 0, pretend = 0, frame = 0
  93              		@ frame_needed = 0, uses_anonymous_args = 0
  94 0000 10B5     		push	{r4, lr}
  95              		.cfi_def_cfa_offset 8
  96              		.cfi_offset 4, -8
  97              		.cfi_offset 14, -4
 174:Generated_Source\PSoC4/cyfitter_cfg.c **** 	/* Setup and trim IMO based on desired frequency. */
  98              		.loc 1 174 0
  99 0002 1222     		movs	r2, #18
 100 0004 164B     		ldr	r3, .L6
 101 0006 1A60     		str	r2, [r3]
 176:Generated_Source\PSoC4/cyfitter_cfg.c **** 	/* CYDEV_CLK_ILO_CONFIG Starting address: CYDEV_CLK_ILO_CONFIG */
 102              		.loc 1 176 0
 103 0008 3020     		movs	r0, #48
 104 000a FFF7FEFF 		bl	CySysClkWriteImoFreq
 105              	.LVL3:
 178:Generated_Source\PSoC4/cyfitter_cfg.c **** 
 106              		.loc 1 178 0
ARM GAS  C:\Users\Zeynep\AppData\Local\Temp\ccKQpygx.s 			page 7


 107 000e 154A     		ldr	r2, .L6+4
 108 0010 154B     		ldr	r3, .L6+8
 109 0012 1A60     		str	r2, [r3]
 182:Generated_Source\PSoC4/cyfitter_cfg.c **** 	CY_SET_REG32((void *)CYREG_PERI_DIV_CMD, 0x8000FF40u);
 110              		.loc 1 182 0
 111 0014 C022     		movs	r2, #192
 112 0016 9200     		lsls	r2, r2, #2
 113 0018 144B     		ldr	r3, .L6+12
 114 001a 1A60     		str	r2, [r3]
 183:Generated_Source\PSoC4/cyfitter_cfg.c **** 	CY_SET_REG32((void *)CYREG_PERI_DIV_16_CTL1, 0x00002200u);
 115              		.loc 1 183 0
 116 001c 144B     		ldr	r3, .L6+16
 117 001e 154A     		ldr	r2, .L6+20
 118 0020 1A60     		str	r2, [r3]
 184:Generated_Source\PSoC4/cyfitter_cfg.c **** 	CY_SET_REG32((void *)CYREG_PERI_DIV_CMD, 0x8000FF41u);
 119              		.loc 1 184 0
 120 0022 8821     		movs	r1, #136
 121 0024 8901     		lsls	r1, r1, #6
 122 0026 144A     		ldr	r2, .L6+24
 123 0028 1160     		str	r1, [r2]
 185:Generated_Source\PSoC4/cyfitter_cfg.c **** 
 124              		.loc 1 185 0
 125 002a 144A     		ldr	r2, .L6+28
 126 002c 1A60     		str	r2, [r3]
 188:Generated_Source\PSoC4/cyfitter_cfg.c **** 
 127              		.loc 1 188 0
 128 002e 8022     		movs	r2, #128
 129 0030 1206     		lsls	r2, r2, #24
 130 0032 134B     		ldr	r3, .L6+32
 131 0034 1A60     		str	r2, [r3]
 191:Generated_Source\PSoC4/cyfitter_cfg.c **** 
 132              		.loc 1 191 0
 133 0036 8022     		movs	r2, #128
 134 0038 D202     		lsls	r2, r2, #11
 135 003a 124B     		ldr	r3, .L6+36
 136 003c 1A60     		str	r2, [r3]
 194:Generated_Source\PSoC4/cyfitter_cfg.c **** 
 137              		.loc 1 194 0
 138 003e 4022     		movs	r2, #64
 139 0040 114B     		ldr	r3, .L6+40
 140 0042 1A60     		str	r2, [r3]
 197:Generated_Source\PSoC4/cyfitter_cfg.c **** 
 141              		.loc 1 197 0
 142 0044 0132     		adds	r2, r2, #1
 143 0046 114B     		ldr	r3, .L6+44
 144 0048 1A60     		str	r2, [r3]
 199:Generated_Source\PSoC4/cyfitter_cfg.c **** 	CyIntEnable(7u);
 145              		.loc 1 199 0
 146 004a 1149     		ldr	r1, .L6+48
 147 004c 0720     		movs	r0, #7
 148 004e FFF7FEFF 		bl	CyIntSetVector
 149              	.LVL4:
 200:Generated_Source\PSoC4/cyfitter_cfg.c **** 	CY_SET_REG32((void *)(CYREG_WDT_CONFIG), 0x00000000u);
 150              		.loc 1 200 0
 151 0052 0720     		movs	r0, #7
 152 0054 FFF7FEFF 		bl	CyIntEnable
 153              	.LVL5:
ARM GAS  C:\Users\Zeynep\AppData\Local\Temp\ccKQpygx.s 			page 8


 201:Generated_Source\PSoC4/cyfitter_cfg.c **** }
 154              		.loc 1 201 0
 155 0058 0022     		movs	r2, #0
 156 005a 0E4B     		ldr	r3, .L6+52
 157 005c 1A60     		str	r2, [r3]
 202:Generated_Source\PSoC4/cyfitter_cfg.c **** 
 158              		.loc 1 202 0
 159              		@ sp needed
 160 005e 10BD     		pop	{r4, pc}
 161              	.L7:
 162              		.align	2
 163              	.L6:
 164 0060 30001040 		.word	1074790448
 165 0064 06000080 		.word	-2147483642
 166 0068 04010B40 		.word	1074462980
 167 006c 00030140 		.word	1073808128
 168 0070 00000140 		.word	1073807360
 169 0074 40FF0080 		.word	-2147418304
 170 0078 04030140 		.word	1073808132
 171 007c 41FF0080 		.word	-2147418303
 172 0080 08010B40 		.word	1074462984
 173 0084 00010B40 		.word	1074462976
 174 0088 2C010140 		.word	1073807660
 175 008c 0C010140 		.word	1073807628
 176 0090 00000000 		.word	CySysWdtIsr
 177 0094 0C020B40 		.word	1074463244
 178              		.cfi_endproc
 179              	.LFE4:
 180              		.size	ClockSetup, .-ClockSetup
 181              		.align	2
 182              		.global	cyfitter_cfg
 183              		.code	16
 184              		.thumb_func
 185              		.type	cyfitter_cfg, %function
 186              	cyfitter_cfg:
 187              	.LFB6:
 230:Generated_Source\PSoC4/cyfitter_cfg.c **** 
 231:Generated_Source\PSoC4/cyfitter_cfg.c **** 
 232:Generated_Source\PSoC4/cyfitter_cfg.c **** 
 233:Generated_Source\PSoC4/cyfitter_cfg.c **** 
 234:Generated_Source\PSoC4/cyfitter_cfg.c **** /*******************************************************************************
 235:Generated_Source\PSoC4/cyfitter_cfg.c **** * Function Name: cyfitter_cfg
 236:Generated_Source\PSoC4/cyfitter_cfg.c **** ********************************************************************************
 237:Generated_Source\PSoC4/cyfitter_cfg.c **** * Summary:
 238:Generated_Source\PSoC4/cyfitter_cfg.c **** *  This function is called by the start-up code for the selected device. It
 239:Generated_Source\PSoC4/cyfitter_cfg.c **** *  performs all of the necessary device configuration based on the design
 240:Generated_Source\PSoC4/cyfitter_cfg.c **** *  settings.  This includes settings from the Design Wide Resources (DWR) such
 241:Generated_Source\PSoC4/cyfitter_cfg.c **** *  as Clocks and Pins as well as any component configuration that is necessary.
 242:Generated_Source\PSoC4/cyfitter_cfg.c **** *
 243:Generated_Source\PSoC4/cyfitter_cfg.c **** * Parameters:
 244:Generated_Source\PSoC4/cyfitter_cfg.c **** *   void
 245:Generated_Source\PSoC4/cyfitter_cfg.c **** *
 246:Generated_Source\PSoC4/cyfitter_cfg.c **** * Return:
 247:Generated_Source\PSoC4/cyfitter_cfg.c **** *   void
 248:Generated_Source\PSoC4/cyfitter_cfg.c **** *
 249:Generated_Source\PSoC4/cyfitter_cfg.c **** *******************************************************************************/
 250:Generated_Source\PSoC4/cyfitter_cfg.c **** CY_CFG_SECTION
ARM GAS  C:\Users\Zeynep\AppData\Local\Temp\ccKQpygx.s 			page 9


 251:Generated_Source\PSoC4/cyfitter_cfg.c **** void cyfitter_cfg(void)
 252:Generated_Source\PSoC4/cyfitter_cfg.c **** {
 188              		.loc 1 252 0
 189              		.cfi_startproc
 190              		@ args = 0, pretend = 0, frame = 0
 191              		@ frame_needed = 0, uses_anonymous_args = 0
 192 0098 10B5     		push	{r4, lr}
 193              		.cfi_def_cfa_offset 8
 194              		.cfi_offset 4, -8
 195              		.cfi_offset 14, -4
 253:Generated_Source\PSoC4/cyfitter_cfg.c **** 	/* Disable interrupts by default. Let user enable if/when they want. */
 254:Generated_Source\PSoC4/cyfitter_cfg.c **** 	CyGlobalIntDisable;
 196              		.loc 1 254 0
 197              		.syntax divided
 198              	@ 254 "Generated_Source\PSoC4\cyfitter_cfg.c" 1
 199 009a 72B6     		CPSID   i
 200              	@ 0 "" 2
 201              	.LVL6:
 202              		.thumb
 203              		.syntax unified
 204              	.LBB2:
 255:Generated_Source\PSoC4/cyfitter_cfg.c **** 
 256:Generated_Source\PSoC4/cyfitter_cfg.c **** 	{
 257:Generated_Source\PSoC4/cyfitter_cfg.c **** 
 258:Generated_Source\PSoC4/cyfitter_cfg.c **** 		CYPACKED typedef struct {
 259:Generated_Source\PSoC4/cyfitter_cfg.c **** 			void CYFAR *address;
 260:Generated_Source\PSoC4/cyfitter_cfg.c **** 			uint16 size;
 261:Generated_Source\PSoC4/cyfitter_cfg.c **** 		} CYPACKED_ATTR cfg_memset_t;
 262:Generated_Source\PSoC4/cyfitter_cfg.c **** 
 263:Generated_Source\PSoC4/cyfitter_cfg.c **** 		static const cfg_memset_t CYCODE cfg_memset_list[] = {
 264:Generated_Source\PSoC4/cyfitter_cfg.c **** 			/* address, size */
 265:Generated_Source\PSoC4/cyfitter_cfg.c **** 			{(void CYFAR *)(CYDEV_UDB_P0_U0_BASE), 1024u},
 266:Generated_Source\PSoC4/cyfitter_cfg.c **** 			{(void CYFAR *)(CYDEV_UDB_DSI0_BASE), 1024u},
 267:Generated_Source\PSoC4/cyfitter_cfg.c **** 		};
 268:Generated_Source\PSoC4/cyfitter_cfg.c **** 
 269:Generated_Source\PSoC4/cyfitter_cfg.c **** 		uint8 CYDATA i;
 270:Generated_Source\PSoC4/cyfitter_cfg.c **** 
 271:Generated_Source\PSoC4/cyfitter_cfg.c **** 		/* Zero out critical memory blocks before beginning configuration */
 272:Generated_Source\PSoC4/cyfitter_cfg.c **** 		for (i = 0u; i < (sizeof(cfg_memset_list)/sizeof(cfg_memset_list[0])); i++)
 205              		.loc 1 272 0
 206 009c 0024     		movs	r4, #0
 207 009e 0FE0     		b	.L9
 208              	.LVL7:
 209              	.L10:
 210              	.LBB3:
 273:Generated_Source\PSoC4/cyfitter_cfg.c **** 		{
 274:Generated_Source\PSoC4/cyfitter_cfg.c **** 			const cfg_memset_t CYCODE * CYDATA ms = &cfg_memset_list[i];
 275:Generated_Source\PSoC4/cyfitter_cfg.c **** 			CYMEMZERO(ms->address, (size_t)(uint32)(ms->size));
 211              		.loc 1 275 0 discriminator 3
 212 00a0 1D48     		ldr	r0, .L11
 213 00a2 6200     		lsls	r2, r4, #1
 214 00a4 1319     		adds	r3, r2, r4
 215 00a6 5900     		lsls	r1, r3, #1
 216 00a8 0B00     		movs	r3, r1
 217 00aa 4118     		adds	r1, r0, r1
 218 00ac 8988     		ldrh	r1, [r1, #4]
 219 00ae 1A5A     		ldrh	r2, [r3, r0]
ARM GAS  C:\Users\Zeynep\AppData\Local\Temp\ccKQpygx.s 			page 10


 220 00b0 C318     		adds	r3, r0, r3
 221 00b2 5888     		ldrh	r0, [r3, #2]
 222 00b4 0004     		lsls	r0, r0, #16
 223 00b6 1043     		orrs	r0, r2
 224 00b8 FFF7FEFF 		bl	CYMEMZERO
 225              	.LVL8:
 226              	.LBE3:
 272:Generated_Source\PSoC4/cyfitter_cfg.c **** 		{
 227              		.loc 1 272 0 discriminator 3
 228 00bc 0134     		adds	r4, r4, #1
 229              	.LVL9:
 230 00be E4B2     		uxtb	r4, r4
 231              	.LVL10:
 232              	.L9:
 272:Generated_Source\PSoC4/cyfitter_cfg.c **** 		{
 233              		.loc 1 272 0 is_stmt 0 discriminator 1
 234 00c0 012C     		cmp	r4, #1
 235 00c2 EDD9     		bls	.L10
 276:Generated_Source\PSoC4/cyfitter_cfg.c **** 		}
 277:Generated_Source\PSoC4/cyfitter_cfg.c **** 
 278:Generated_Source\PSoC4/cyfitter_cfg.c **** 		/* HSIOM Starting address: CYDEV_HSIOM_BASE */
 279:Generated_Source\PSoC4/cyfitter_cfg.c **** 		CY_SET_REG32((void *)(CYDEV_HSIOM_BASE), 0x00990000u);
 236              		.loc 1 279 0 is_stmt 1
 237 00c4 9923     		movs	r3, #153
 238 00c6 1B04     		lsls	r3, r3, #16
 239 00c8 144A     		ldr	r2, .L11+4
 240 00ca 1360     		str	r3, [r2]
 280:Generated_Source\PSoC4/cyfitter_cfg.c **** 		CY_SET_REG32((void *)(CYREG_HSIOM_PORT_SEL3), 0x0000EE00u);
 241              		.loc 1 280 0
 242 00cc EE21     		movs	r1, #238
 243 00ce 0902     		lsls	r1, r1, #8
 244 00d0 134A     		ldr	r2, .L11+8
 245 00d2 1160     		str	r1, [r2]
 281:Generated_Source\PSoC4/cyfitter_cfg.c **** 
 282:Generated_Source\PSoC4/cyfitter_cfg.c **** 		/* UDB_PA_0 Starting address: CYDEV_UDB_PA0_BASE */
 283:Generated_Source\PSoC4/cyfitter_cfg.c **** 		CY_SET_REG32((void *)(CYDEV_UDB_PA0_BASE), 0x00990000u);
 246              		.loc 1 283 0
 247 00d4 134A     		ldr	r2, .L11+12
 248 00d6 1360     		str	r3, [r2]
 284:Generated_Source\PSoC4/cyfitter_cfg.c **** 
 285:Generated_Source\PSoC4/cyfitter_cfg.c **** 		/* UDB_PA_2 Starting address: CYDEV_UDB_PA2_BASE */
 286:Generated_Source\PSoC4/cyfitter_cfg.c **** 		CY_SET_REG32((void *)(CYDEV_UDB_PA2_BASE), 0x00990000u);
 249              		.loc 1 286 0
 250 00d8 134A     		ldr	r2, .L11+16
 251 00da 1360     		str	r3, [r2]
 287:Generated_Source\PSoC4/cyfitter_cfg.c **** 
 288:Generated_Source\PSoC4/cyfitter_cfg.c **** 		/* UDB_PA_3 Starting address: CYDEV_UDB_PA3_BASE */
 289:Generated_Source\PSoC4/cyfitter_cfg.c **** 		CY_SET_REG32((void *)(CYDEV_UDB_PA3_BASE), 0x00990000u);
 252              		.loc 1 289 0
 253 00dc 134A     		ldr	r2, .L11+20
 254 00de 1360     		str	r3, [r2]
 290:Generated_Source\PSoC4/cyfitter_cfg.c **** 
 291:Generated_Source\PSoC4/cyfitter_cfg.c **** 		/* Enable digital routing */
 292:Generated_Source\PSoC4/cyfitter_cfg.c **** 		CY_SET_XTND_REG8((void *)CYREG_UDB_UDBIF_BANK_CTL, (uint8)(CY_GET_XTND_REG8((void *)CYREG_UDB_UDB
 255              		.loc 1 292 0
 256 00e0 134A     		ldr	r2, .L11+24
 257 00e2 1178     		ldrb	r1, [r2]
ARM GAS  C:\Users\Zeynep\AppData\Local\Temp\ccKQpygx.s 			page 11


 258 00e4 0623     		movs	r3, #6
 259 00e6 0B43     		orrs	r3, r1
 260 00e8 DBB2     		uxtb	r3, r3
 261 00ea 1370     		strb	r3, [r2]
 262              	.LBE2:
 293:Generated_Source\PSoC4/cyfitter_cfg.c **** 	}
 294:Generated_Source\PSoC4/cyfitter_cfg.c **** 
 295:Generated_Source\PSoC4/cyfitter_cfg.c **** 	/* Perform second pass device configuration. These items must be configured in specific order afte
 296:Generated_Source\PSoC4/cyfitter_cfg.c **** 	/* IOPINS0_0 Starting address: CYDEV_GPIO_PRT0_BASE */
 297:Generated_Source\PSoC4/cyfitter_cfg.c **** 	CY_SET_REG32((void *)(CYDEV_GPIO_PRT0_BASE), 0x00000020u);
 263              		.loc 1 297 0
 264 00ec 2023     		movs	r3, #32
 265 00ee 114A     		ldr	r2, .L11+28
 266 00f0 1360     		str	r3, [r2]
 298:Generated_Source\PSoC4/cyfitter_cfg.c **** 	CY_SET_REG32((void *)(CYREG_GPIO_PRT0_PC), 0x00031000u);
 267              		.loc 1 298 0
 268 00f2 C421     		movs	r1, #196
 269 00f4 8902     		lsls	r1, r1, #10
 270 00f6 104A     		ldr	r2, .L11+32
 271 00f8 1160     		str	r1, [r2]
 299:Generated_Source\PSoC4/cyfitter_cfg.c **** 	CY_SET_REG32((void *)(CYREG_GPIO_PRT0_PC2), 0x00000020u);
 272              		.loc 1 299 0
 273 00fa 104A     		ldr	r2, .L11+36
 274 00fc 1360     		str	r3, [r2]
 300:Generated_Source\PSoC4/cyfitter_cfg.c **** 
 301:Generated_Source\PSoC4/cyfitter_cfg.c **** 	/* IOPINS0_2 Starting address: CYDEV_GPIO_PRT2_BASE */
 302:Generated_Source\PSoC4/cyfitter_cfg.c **** 	CY_SET_REG32((void *)(CYREG_GPIO_PRT2_PC), 0x0000000Eu);
 275              		.loc 1 302 0
 276 00fe 0E22     		movs	r2, #14
 277 0100 0F4B     		ldr	r3, .L11+40
 278 0102 1A60     		str	r2, [r3]
 303:Generated_Source\PSoC4/cyfitter_cfg.c **** 
 304:Generated_Source\PSoC4/cyfitter_cfg.c **** 	/* IOPINS0_3 Starting address: CYDEV_GPIO_PRT3_BASE */
 305:Generated_Source\PSoC4/cyfitter_cfg.c **** 	CY_SET_REG32((void *)(CYREG_GPIO_PRT3_PC), 0x00000D80u);
 279              		.loc 1 305 0
 280 0104 D822     		movs	r2, #216
 281 0106 1201     		lsls	r2, r2, #4
 282 0108 0E4B     		ldr	r3, .L11+44
 283 010a 1A60     		str	r2, [r3]
 306:Generated_Source\PSoC4/cyfitter_cfg.c **** 
 307:Generated_Source\PSoC4/cyfitter_cfg.c **** 
 308:Generated_Source\PSoC4/cyfitter_cfg.c **** 	/* Setup clocks based on selections from Clock DWR */
 309:Generated_Source\PSoC4/cyfitter_cfg.c **** 	ClockSetup();
 284              		.loc 1 309 0
 285 010c FFF778FF 		bl	ClockSetup
 286              	.LVL11:
 310:Generated_Source\PSoC4/cyfitter_cfg.c **** 
 311:Generated_Source\PSoC4/cyfitter_cfg.c **** 	/* Perform basic analog initialization to defaults */
 312:Generated_Source\PSoC4/cyfitter_cfg.c **** 	AnalogSetDefault();
 287              		.loc 1 312 0
 288 0110 FFF7FEFF 		bl	AnalogSetDefault
 289              	.LVL12:
 313:Generated_Source\PSoC4/cyfitter_cfg.c **** 
 314:Generated_Source\PSoC4/cyfitter_cfg.c **** }
 290              		.loc 1 314 0
 291              		@ sp needed
 292              	.LVL13:
ARM GAS  C:\Users\Zeynep\AppData\Local\Temp\ccKQpygx.s 			page 12


 293 0114 10BD     		pop	{r4, pc}
 294              	.L12:
 295 0116 C046     		.align	2
 296              	.L11:
 297 0118 00000000 		.word	.LANCHOR0
 298 011c 00000240 		.word	1073872896
 299 0120 00030240 		.word	1073873664
 300 0124 00500F40 		.word	1074745344
 301 0128 20500F40 		.word	1074745376
 302 012c 30500F40 		.word	1074745392
 303 0130 00700F40 		.word	1074753536
 304 0134 00000440 		.word	1074003968
 305 0138 08000440 		.word	1074003976
 306 013c 18000440 		.word	1074003992
 307 0140 08020440 		.word	1074004488
 308 0144 08030440 		.word	1074004744
 309              		.cfi_endproc
 310              	.LFE6:
 311              		.size	cyfitter_cfg, .-cyfitter_cfg
 312              		.section	.rodata
 313              		.align	2
 314              		.set	.LANCHOR0,. + 0
 315              		.type	cfg_memset_list.4888, %object
 316              		.size	cfg_memset_list.4888, 12
 317              	cfg_memset_list.4888:
 318 0000 00300F40 		.word	1074737152
 319 0004 0004     		.short	1024
 320 0006 00400F40 		.4byte	1074741248
 321 000a 0004     		.short	1024
 322              		.text
 323              	.Letext0:
 324              		.file 2 "d:\\psoc creator\\4.4\\psoc creator\\import\\gnu\\arm\\5.4.1\\lib\\gcc\\arm-none-eabi\\5.
 325              		.file 3 "Generated_Source\\PSoC4\\cytypes.h"
 326              		.file 4 "Generated_Source\\PSoC4\\CyLib.h"
 327              		.section	.debug_info,"",%progbits
 328              	.Ldebug_info0:
 329 0000 94020000 		.4byte	0x294
 330 0004 0400     		.2byte	0x4
 331 0006 00000000 		.4byte	.Ldebug_abbrev0
 332 000a 04       		.byte	0x4
 333 000b 01       		.uleb128 0x1
 334 000c FC000000 		.4byte	.LASF29
 335 0010 0C       		.byte	0xc
 336 0011 F3010000 		.4byte	.LASF30
 337 0015 19020000 		.4byte	.LASF31
 338 0019 00000000 		.4byte	.Ldebug_ranges0+0
 339 001d 00000000 		.4byte	0
 340 0021 00000000 		.4byte	.Ldebug_line0
 341 0025 02       		.uleb128 0x2
 342 0026 04       		.byte	0x4
 343 0027 05       		.byte	0x5
 344 0028 696E7400 		.ascii	"int\000"
 345 002c 03       		.uleb128 0x3
 346 002d 06000000 		.4byte	.LASF12
 347 0031 02       		.byte	0x2
 348 0032 D8       		.byte	0xd8
 349 0033 37000000 		.4byte	0x37
ARM GAS  C:\Users\Zeynep\AppData\Local\Temp\ccKQpygx.s 			page 13


 350 0037 04       		.uleb128 0x4
 351 0038 04       		.byte	0x4
 352 0039 07       		.byte	0x7
 353 003a C3000000 		.4byte	.LASF0
 354 003e 04       		.uleb128 0x4
 355 003f 08       		.byte	0x8
 356 0040 05       		.byte	0x5
 357 0041 A0010000 		.4byte	.LASF1
 358 0045 04       		.uleb128 0x4
 359 0046 08       		.byte	0x8
 360 0047 04       		.byte	0x4
 361 0048 DB010000 		.4byte	.LASF2
 362 004c 04       		.uleb128 0x4
 363 004d 01       		.byte	0x1
 364 004e 06       		.byte	0x6
 365 004f E7010000 		.4byte	.LASF3
 366 0053 04       		.uleb128 0x4
 367 0054 01       		.byte	0x1
 368 0055 08       		.byte	0x8
 369 0056 8D000000 		.4byte	.LASF4
 370 005a 04       		.uleb128 0x4
 371 005b 02       		.byte	0x2
 372 005c 05       		.byte	0x5
 373 005d B3010000 		.4byte	.LASF5
 374 0061 04       		.uleb128 0x4
 375 0062 02       		.byte	0x2
 376 0063 07       		.byte	0x7
 377 0064 48000000 		.4byte	.LASF6
 378 0068 04       		.uleb128 0x4
 379 0069 04       		.byte	0x4
 380 006a 05       		.byte	0x5
 381 006b D2010000 		.4byte	.LASF7
 382 006f 04       		.uleb128 0x4
 383 0070 04       		.byte	0x4
 384 0071 07       		.byte	0x7
 385 0072 6B000000 		.4byte	.LASF8
 386 0076 04       		.uleb128 0x4
 387 0077 08       		.byte	0x8
 388 0078 07       		.byte	0x7
 389 0079 E5000000 		.4byte	.LASF9
 390 007d 04       		.uleb128 0x4
 391 007e 04       		.byte	0x4
 392 007f 07       		.byte	0x7
 393 0080 97010000 		.4byte	.LASF10
 394 0084 05       		.uleb128 0x5
 395 0085 04       		.byte	0x4
 396 0086 04       		.uleb128 0x4
 397 0087 01       		.byte	0x1
 398 0088 08       		.byte	0x8
 399 0089 AE010000 		.4byte	.LASF11
 400 008d 06       		.uleb128 0x6
 401 008e 7D000000 		.4byte	.LASF13
 402 0092 03       		.byte	0x3
 403 0093 E401     		.2byte	0x1e4
 404 0095 53000000 		.4byte	0x53
 405 0099 06       		.uleb128 0x6
 406 009a B5000000 		.4byte	.LASF14
ARM GAS  C:\Users\Zeynep\AppData\Local\Temp\ccKQpygx.s 			page 14


 407 009e 03       		.byte	0x3
 408 009f E501     		.2byte	0x1e5
 409 00a1 61000000 		.4byte	0x61
 410 00a5 06       		.uleb128 0x6
 411 00a6 BC000000 		.4byte	.LASF15
 412 00aa 03       		.byte	0x3
 413 00ab E601     		.2byte	0x1e6
 414 00ad 6F000000 		.4byte	0x6f
 415 00b1 04       		.uleb128 0x4
 416 00b2 04       		.byte	0x4
 417 00b3 04       		.byte	0x4
 418 00b4 5B000000 		.4byte	.LASF16
 419 00b8 04       		.uleb128 0x4
 420 00b9 08       		.byte	0x8
 421 00ba 04       		.byte	0x4
 422 00bb A2000000 		.4byte	.LASF17
 423 00bf 06       		.uleb128 0x6
 424 00c0 66000000 		.4byte	.LASF18
 425 00c4 03       		.byte	0x3
 426 00c5 8E02     		.2byte	0x28e
 427 00c7 CB000000 		.4byte	0xcb
 428 00cb 07       		.uleb128 0x7
 429 00cc 8D000000 		.4byte	0x8d
 430 00d0 06       		.uleb128 0x6
 431 00d1 00000000 		.4byte	.LASF19
 432 00d5 03       		.byte	0x3
 433 00d6 9002     		.2byte	0x290
 434 00d8 DC000000 		.4byte	0xdc
 435 00dc 07       		.uleb128 0x7
 436 00dd A5000000 		.4byte	0xa5
 437 00e1 08       		.uleb128 0x8
 438 00e2 0D000000 		.4byte	.LASF32
 439 00e6 01       		.byte	0x1
 440 00e7 E0       		.byte	0xe0
 441 00e8 00000000 		.4byte	.LFB5
 442 00ec 20000000 		.4byte	.LFE5-.LFB5
 443 00f0 01       		.uleb128 0x1
 444 00f1 9C       		.byte	0x9c
 445 00f2 09       		.uleb128 0x9
 446 00f3 83000000 		.4byte	.LASF20
 447 00f7 01       		.byte	0x1
 448 00f8 4C       		.byte	0x4c
 449 00f9 00000000 		.4byte	.LFB1
 450 00fd 0C000000 		.4byte	.LFE1-.LFB1
 451 0101 01       		.uleb128 0x1
 452 0102 9C       		.byte	0x9c
 453 0103 3F010000 		.4byte	0x13f
 454 0107 0A       		.uleb128 0xa
 455 0108 7300     		.ascii	"s\000"
 456 010a 01       		.byte	0x1
 457 010b 4C       		.byte	0x4c
 458 010c 84000000 		.4byte	0x84
 459 0110 00000000 		.4byte	.LLST0
 460 0114 0A       		.uleb128 0xa
 461 0115 6E00     		.ascii	"n\000"
 462 0117 01       		.byte	0x1
 463 0118 4C       		.byte	0x4c
ARM GAS  C:\Users\Zeynep\AppData\Local\Temp\ccKQpygx.s 			page 15


 464 0119 2C000000 		.4byte	0x2c
 465 011d 21000000 		.4byte	.LLST1
 466 0121 0B       		.uleb128 0xb
 467 0122 0A000000 		.4byte	.LVL2
 468 0126 6D020000 		.4byte	0x26d
 469 012a 0C       		.uleb128 0xc
 470 012b 01       		.uleb128 0x1
 471 012c 50       		.byte	0x50
 472 012d 03       		.uleb128 0x3
 473 012e F3       		.byte	0xf3
 474 012f 01       		.uleb128 0x1
 475 0130 50       		.byte	0x50
 476 0131 0C       		.uleb128 0xc
 477 0132 01       		.uleb128 0x1
 478 0133 51       		.byte	0x51
 479 0134 01       		.uleb128 0x1
 480 0135 30       		.byte	0x30
 481 0136 0C       		.uleb128 0xc
 482 0137 01       		.uleb128 0x1
 483 0138 52       		.byte	0x52
 484 0139 03       		.uleb128 0x3
 485 013a F3       		.byte	0xf3
 486 013b 01       		.uleb128 0x1
 487 013c 51       		.byte	0x51
 488 013d 00       		.byte	0
 489 013e 00       		.byte	0
 490 013f 09       		.uleb128 0x9
 491 0140 3D000000 		.4byte	.LASF21
 492 0144 01       		.byte	0x1
 493 0145 AA       		.byte	0xaa
 494 0146 00000000 		.4byte	.LFB4
 495 014a 98000000 		.4byte	.LFE4-.LFB4
 496 014e 01       		.uleb128 0x1
 497 014f 9C       		.byte	0x9c
 498 0150 8B010000 		.4byte	0x18b
 499 0154 0D       		.uleb128 0xd
 500 0155 0E000000 		.4byte	.LVL3
 501 0159 76020000 		.4byte	0x276
 502 015d 68010000 		.4byte	0x168
 503 0161 0C       		.uleb128 0xc
 504 0162 01       		.uleb128 0x1
 505 0163 50       		.byte	0x50
 506 0164 02       		.uleb128 0x2
 507 0165 08       		.byte	0x8
 508 0166 30       		.byte	0x30
 509 0167 00       		.byte	0
 510 0168 0D       		.uleb128 0xd
 511 0169 52000000 		.4byte	.LVL4
 512 016d 81020000 		.4byte	0x281
 513 0171 7B010000 		.4byte	0x17b
 514 0175 0C       		.uleb128 0xc
 515 0176 01       		.uleb128 0x1
 516 0177 50       		.byte	0x50
 517 0178 01       		.uleb128 0x1
 518 0179 37       		.byte	0x37
 519 017a 00       		.byte	0
 520 017b 0B       		.uleb128 0xb
ARM GAS  C:\Users\Zeynep\AppData\Local\Temp\ccKQpygx.s 			page 16


 521 017c 58000000 		.4byte	.LVL5
 522 0180 8C020000 		.4byte	0x28c
 523 0184 0C       		.uleb128 0xc
 524 0185 01       		.uleb128 0x1
 525 0186 50       		.byte	0x50
 526 0187 01       		.uleb128 0x1
 527 0188 37       		.byte	0x37
 528 0189 00       		.byte	0
 529 018a 00       		.byte	0
 530 018b 0E       		.uleb128 0xe
 531 018c D0000000 		.4byte	.LASF33
 532 0190 01       		.byte	0x1
 533 0191 FB       		.byte	0xfb
 534 0192 98000000 		.4byte	.LFB6
 535 0196 B0000000 		.4byte	.LFE6-.LFB6
 536 019a 01       		.uleb128 0x1
 537 019b 9C       		.byte	0x9c
 538 019c 6D020000 		.4byte	0x26d
 539 01a0 0F       		.uleb128 0xf
 540 01a1 9C000000 		.4byte	.LBB2
 541 01a5 50000000 		.4byte	.LBE2-.LBB2
 542 01a9 5A020000 		.4byte	0x25a
 543 01ad 10       		.uleb128 0x10
 544 01ae 06       		.byte	0x6
 545 01af 01       		.byte	0x1
 546 01b0 0201     		.2byte	0x102
 547 01b2 D1010000 		.4byte	0x1d1
 548 01b6 11       		.uleb128 0x11
 549 01b7 DD000000 		.4byte	.LASF22
 550 01bb 01       		.byte	0x1
 551 01bc 0301     		.2byte	0x103
 552 01be 84000000 		.4byte	0x84
 553 01c2 00       		.byte	0
 554 01c3 11       		.uleb128 0x11
 555 01c4 61000000 		.4byte	.LASF23
 556 01c8 01       		.byte	0x1
 557 01c9 0401     		.2byte	0x104
 558 01cb 99000000 		.4byte	0x99
 559 01cf 04       		.byte	0x4
 560 01d0 00       		.byte	0
 561 01d1 06       		.uleb128 0x6
 562 01d2 8A010000 		.4byte	.LASF24
 563 01d6 01       		.byte	0x1
 564 01d7 0501     		.2byte	0x105
 565 01d9 AD010000 		.4byte	0x1ad
 566 01dd 12       		.uleb128 0x12
 567 01de ED010000 		.4byte	0x1ed
 568 01e2 ED010000 		.4byte	0x1ed
 569 01e6 13       		.uleb128 0x13
 570 01e7 7D000000 		.4byte	0x7d
 571 01eb 01       		.byte	0x1
 572 01ec 00       		.byte	0
 573 01ed 14       		.uleb128 0x14
 574 01ee D1010000 		.4byte	0x1d1
 575 01f2 15       		.uleb128 0x15
 576 01f3 2D000000 		.4byte	.LASF25
 577 01f7 01       		.byte	0x1
ARM GAS  C:\Users\Zeynep\AppData\Local\Temp\ccKQpygx.s 			page 17


 578 01f8 0701     		.2byte	0x107
 579 01fa 04020000 		.4byte	0x204
 580 01fe 05       		.uleb128 0x5
 581 01ff 03       		.byte	0x3
 582 0200 00000000 		.4byte	cfg_memset_list.4888
 583 0204 14       		.uleb128 0x14
 584 0205 DD010000 		.4byte	0x1dd
 585 0209 16       		.uleb128 0x16
 586 020a 6900     		.ascii	"i\000"
 587 020c 01       		.byte	0x1
 588 020d 0D01     		.2byte	0x10d
 589 020f 8D000000 		.4byte	0x8d
 590 0213 4D000000 		.4byte	.LLST2
 591 0217 17       		.uleb128 0x17
 592 0218 A0000000 		.4byte	.LBB3
 593 021c 1C000000 		.4byte	.LBE3-.LBB3
 594 0220 16       		.uleb128 0x16
 595 0221 6D7300   		.ascii	"ms\000"
 596 0224 01       		.byte	0x1
 597 0225 1201     		.2byte	0x112
 598 0227 2F020000 		.4byte	0x22f
 599 022b 77000000 		.4byte	.LLST3
 600 022f 18       		.uleb128 0x18
 601 0230 04       		.byte	0x4
 602 0231 ED010000 		.4byte	0x1ed
 603 0235 0B       		.uleb128 0xb
 604 0236 BC000000 		.4byte	.LVL8
 605 023a F2000000 		.4byte	0xf2
 606 023e 0C       		.uleb128 0xc
 607 023f 01       		.uleb128 0x1
 608 0240 51       		.byte	0x51
 609 0241 15       		.uleb128 0x15
 610 0242 74       		.byte	0x74
 611 0243 00       		.sleb128 0
 612 0244 31       		.byte	0x31
 613 0245 24       		.byte	0x24
 614 0246 74       		.byte	0x74
 615 0247 00       		.sleb128 0
 616 0248 22       		.byte	0x22
 617 0249 31       		.byte	0x31
 618 024a 24       		.byte	0x24
 619 024b 03       		.byte	0x3
 620 024c 04000000 		.4byte	.LANCHOR0+4
 621 0250 22       		.byte	0x22
 622 0251 94       		.byte	0x94
 623 0252 02       		.byte	0x2
 624 0253 0A       		.byte	0xa
 625 0254 FFFF     		.2byte	0xffff
 626 0256 1A       		.byte	0x1a
 627 0257 00       		.byte	0
 628 0258 00       		.byte	0
 629 0259 00       		.byte	0
 630 025a 19       		.uleb128 0x19
 631 025b 10010000 		.4byte	.LVL11
 632 025f 3F010000 		.4byte	0x13f
 633 0263 19       		.uleb128 0x19
 634 0264 14010000 		.4byte	.LVL12
ARM GAS  C:\Users\Zeynep\AppData\Local\Temp\ccKQpygx.s 			page 18


 635 0268 E1000000 		.4byte	0xe1
 636 026c 00       		.byte	0
 637 026d 1A       		.uleb128 0x1a
 638 026e 9B000000 		.4byte	.LASF34
 639 0272 9B000000 		.4byte	.LASF34
 640 0276 1B       		.uleb128 0x1b
 641 0277 BD010000 		.4byte	.LASF26
 642 027b BD010000 		.4byte	.LASF26
 643 027f 04       		.byte	0x4
 644 0280 6C       		.byte	0x6c
 645 0281 1B       		.uleb128 0x1b
 646 0282 1E000000 		.4byte	.LASF27
 647 0286 1E000000 		.4byte	.LASF27
 648 028a 04       		.byte	0x4
 649 028b BD       		.byte	0xbd
 650 028c 1B       		.uleb128 0x1b
 651 028d A9000000 		.4byte	.LASF28
 652 0291 A9000000 		.4byte	.LASF28
 653 0295 04       		.byte	0x4
 654 0296 C3       		.byte	0xc3
 655 0297 00       		.byte	0
 656              		.section	.debug_abbrev,"",%progbits
 657              	.Ldebug_abbrev0:
 658 0000 01       		.uleb128 0x1
 659 0001 11       		.uleb128 0x11
 660 0002 01       		.byte	0x1
 661 0003 25       		.uleb128 0x25
 662 0004 0E       		.uleb128 0xe
 663 0005 13       		.uleb128 0x13
 664 0006 0B       		.uleb128 0xb
 665 0007 03       		.uleb128 0x3
 666 0008 0E       		.uleb128 0xe
 667 0009 1B       		.uleb128 0x1b
 668 000a 0E       		.uleb128 0xe
 669 000b 55       		.uleb128 0x55
 670 000c 17       		.uleb128 0x17
 671 000d 11       		.uleb128 0x11
 672 000e 01       		.uleb128 0x1
 673 000f 10       		.uleb128 0x10
 674 0010 17       		.uleb128 0x17
 675 0011 00       		.byte	0
 676 0012 00       		.byte	0
 677 0013 02       		.uleb128 0x2
 678 0014 24       		.uleb128 0x24
 679 0015 00       		.byte	0
 680 0016 0B       		.uleb128 0xb
 681 0017 0B       		.uleb128 0xb
 682 0018 3E       		.uleb128 0x3e
 683 0019 0B       		.uleb128 0xb
 684 001a 03       		.uleb128 0x3
 685 001b 08       		.uleb128 0x8
 686 001c 00       		.byte	0
 687 001d 00       		.byte	0
 688 001e 03       		.uleb128 0x3
 689 001f 16       		.uleb128 0x16
 690 0020 00       		.byte	0
 691 0021 03       		.uleb128 0x3
ARM GAS  C:\Users\Zeynep\AppData\Local\Temp\ccKQpygx.s 			page 19


 692 0022 0E       		.uleb128 0xe
 693 0023 3A       		.uleb128 0x3a
 694 0024 0B       		.uleb128 0xb
 695 0025 3B       		.uleb128 0x3b
 696 0026 0B       		.uleb128 0xb
 697 0027 49       		.uleb128 0x49
 698 0028 13       		.uleb128 0x13
 699 0029 00       		.byte	0
 700 002a 00       		.byte	0
 701 002b 04       		.uleb128 0x4
 702 002c 24       		.uleb128 0x24
 703 002d 00       		.byte	0
 704 002e 0B       		.uleb128 0xb
 705 002f 0B       		.uleb128 0xb
 706 0030 3E       		.uleb128 0x3e
 707 0031 0B       		.uleb128 0xb
 708 0032 03       		.uleb128 0x3
 709 0033 0E       		.uleb128 0xe
 710 0034 00       		.byte	0
 711 0035 00       		.byte	0
 712 0036 05       		.uleb128 0x5
 713 0037 0F       		.uleb128 0xf
 714 0038 00       		.byte	0
 715 0039 0B       		.uleb128 0xb
 716 003a 0B       		.uleb128 0xb
 717 003b 00       		.byte	0
 718 003c 00       		.byte	0
 719 003d 06       		.uleb128 0x6
 720 003e 16       		.uleb128 0x16
 721 003f 00       		.byte	0
 722 0040 03       		.uleb128 0x3
 723 0041 0E       		.uleb128 0xe
 724 0042 3A       		.uleb128 0x3a
 725 0043 0B       		.uleb128 0xb
 726 0044 3B       		.uleb128 0x3b
 727 0045 05       		.uleb128 0x5
 728 0046 49       		.uleb128 0x49
 729 0047 13       		.uleb128 0x13
 730 0048 00       		.byte	0
 731 0049 00       		.byte	0
 732 004a 07       		.uleb128 0x7
 733 004b 35       		.uleb128 0x35
 734 004c 00       		.byte	0
 735 004d 49       		.uleb128 0x49
 736 004e 13       		.uleb128 0x13
 737 004f 00       		.byte	0
 738 0050 00       		.byte	0
 739 0051 08       		.uleb128 0x8
 740 0052 2E       		.uleb128 0x2e
 741 0053 00       		.byte	0
 742 0054 03       		.uleb128 0x3
 743 0055 0E       		.uleb128 0xe
 744 0056 3A       		.uleb128 0x3a
 745 0057 0B       		.uleb128 0xb
 746 0058 3B       		.uleb128 0x3b
 747 0059 0B       		.uleb128 0xb
 748 005a 27       		.uleb128 0x27
ARM GAS  C:\Users\Zeynep\AppData\Local\Temp\ccKQpygx.s 			page 20


 749 005b 19       		.uleb128 0x19
 750 005c 11       		.uleb128 0x11
 751 005d 01       		.uleb128 0x1
 752 005e 12       		.uleb128 0x12
 753 005f 06       		.uleb128 0x6
 754 0060 40       		.uleb128 0x40
 755 0061 18       		.uleb128 0x18
 756 0062 9742     		.uleb128 0x2117
 757 0064 19       		.uleb128 0x19
 758 0065 00       		.byte	0
 759 0066 00       		.byte	0
 760 0067 09       		.uleb128 0x9
 761 0068 2E       		.uleb128 0x2e
 762 0069 01       		.byte	0x1
 763 006a 03       		.uleb128 0x3
 764 006b 0E       		.uleb128 0xe
 765 006c 3A       		.uleb128 0x3a
 766 006d 0B       		.uleb128 0xb
 767 006e 3B       		.uleb128 0x3b
 768 006f 0B       		.uleb128 0xb
 769 0070 27       		.uleb128 0x27
 770 0071 19       		.uleb128 0x19
 771 0072 11       		.uleb128 0x11
 772 0073 01       		.uleb128 0x1
 773 0074 12       		.uleb128 0x12
 774 0075 06       		.uleb128 0x6
 775 0076 40       		.uleb128 0x40
 776 0077 18       		.uleb128 0x18
 777 0078 9742     		.uleb128 0x2117
 778 007a 19       		.uleb128 0x19
 779 007b 01       		.uleb128 0x1
 780 007c 13       		.uleb128 0x13
 781 007d 00       		.byte	0
 782 007e 00       		.byte	0
 783 007f 0A       		.uleb128 0xa
 784 0080 05       		.uleb128 0x5
 785 0081 00       		.byte	0
 786 0082 03       		.uleb128 0x3
 787 0083 08       		.uleb128 0x8
 788 0084 3A       		.uleb128 0x3a
 789 0085 0B       		.uleb128 0xb
 790 0086 3B       		.uleb128 0x3b
 791 0087 0B       		.uleb128 0xb
 792 0088 49       		.uleb128 0x49
 793 0089 13       		.uleb128 0x13
 794 008a 02       		.uleb128 0x2
 795 008b 17       		.uleb128 0x17
 796 008c 00       		.byte	0
 797 008d 00       		.byte	0
 798 008e 0B       		.uleb128 0xb
 799 008f 898201   		.uleb128 0x4109
 800 0092 01       		.byte	0x1
 801 0093 11       		.uleb128 0x11
 802 0094 01       		.uleb128 0x1
 803 0095 31       		.uleb128 0x31
 804 0096 13       		.uleb128 0x13
 805 0097 00       		.byte	0
ARM GAS  C:\Users\Zeynep\AppData\Local\Temp\ccKQpygx.s 			page 21


 806 0098 00       		.byte	0
 807 0099 0C       		.uleb128 0xc
 808 009a 8A8201   		.uleb128 0x410a
 809 009d 00       		.byte	0
 810 009e 02       		.uleb128 0x2
 811 009f 18       		.uleb128 0x18
 812 00a0 9142     		.uleb128 0x2111
 813 00a2 18       		.uleb128 0x18
 814 00a3 00       		.byte	0
 815 00a4 00       		.byte	0
 816 00a5 0D       		.uleb128 0xd
 817 00a6 898201   		.uleb128 0x4109
 818 00a9 01       		.byte	0x1
 819 00aa 11       		.uleb128 0x11
 820 00ab 01       		.uleb128 0x1
 821 00ac 31       		.uleb128 0x31
 822 00ad 13       		.uleb128 0x13
 823 00ae 01       		.uleb128 0x1
 824 00af 13       		.uleb128 0x13
 825 00b0 00       		.byte	0
 826 00b1 00       		.byte	0
 827 00b2 0E       		.uleb128 0xe
 828 00b3 2E       		.uleb128 0x2e
 829 00b4 01       		.byte	0x1
 830 00b5 3F       		.uleb128 0x3f
 831 00b6 19       		.uleb128 0x19
 832 00b7 03       		.uleb128 0x3
 833 00b8 0E       		.uleb128 0xe
 834 00b9 3A       		.uleb128 0x3a
 835 00ba 0B       		.uleb128 0xb
 836 00bb 3B       		.uleb128 0x3b
 837 00bc 0B       		.uleb128 0xb
 838 00bd 27       		.uleb128 0x27
 839 00be 19       		.uleb128 0x19
 840 00bf 11       		.uleb128 0x11
 841 00c0 01       		.uleb128 0x1
 842 00c1 12       		.uleb128 0x12
 843 00c2 06       		.uleb128 0x6
 844 00c3 40       		.uleb128 0x40
 845 00c4 18       		.uleb128 0x18
 846 00c5 9742     		.uleb128 0x2117
 847 00c7 19       		.uleb128 0x19
 848 00c8 01       		.uleb128 0x1
 849 00c9 13       		.uleb128 0x13
 850 00ca 00       		.byte	0
 851 00cb 00       		.byte	0
 852 00cc 0F       		.uleb128 0xf
 853 00cd 0B       		.uleb128 0xb
 854 00ce 01       		.byte	0x1
 855 00cf 11       		.uleb128 0x11
 856 00d0 01       		.uleb128 0x1
 857 00d1 12       		.uleb128 0x12
 858 00d2 06       		.uleb128 0x6
 859 00d3 01       		.uleb128 0x1
 860 00d4 13       		.uleb128 0x13
 861 00d5 00       		.byte	0
 862 00d6 00       		.byte	0
ARM GAS  C:\Users\Zeynep\AppData\Local\Temp\ccKQpygx.s 			page 22


 863 00d7 10       		.uleb128 0x10
 864 00d8 13       		.uleb128 0x13
 865 00d9 01       		.byte	0x1
 866 00da 0B       		.uleb128 0xb
 867 00db 0B       		.uleb128 0xb
 868 00dc 3A       		.uleb128 0x3a
 869 00dd 0B       		.uleb128 0xb
 870 00de 3B       		.uleb128 0x3b
 871 00df 05       		.uleb128 0x5
 872 00e0 01       		.uleb128 0x1
 873 00e1 13       		.uleb128 0x13
 874 00e2 00       		.byte	0
 875 00e3 00       		.byte	0
 876 00e4 11       		.uleb128 0x11
 877 00e5 0D       		.uleb128 0xd
 878 00e6 00       		.byte	0
 879 00e7 03       		.uleb128 0x3
 880 00e8 0E       		.uleb128 0xe
 881 00e9 3A       		.uleb128 0x3a
 882 00ea 0B       		.uleb128 0xb
 883 00eb 3B       		.uleb128 0x3b
 884 00ec 05       		.uleb128 0x5
 885 00ed 49       		.uleb128 0x49
 886 00ee 13       		.uleb128 0x13
 887 00ef 38       		.uleb128 0x38
 888 00f0 0B       		.uleb128 0xb
 889 00f1 00       		.byte	0
 890 00f2 00       		.byte	0
 891 00f3 12       		.uleb128 0x12
 892 00f4 01       		.uleb128 0x1
 893 00f5 01       		.byte	0x1
 894 00f6 49       		.uleb128 0x49
 895 00f7 13       		.uleb128 0x13
 896 00f8 01       		.uleb128 0x1
 897 00f9 13       		.uleb128 0x13
 898 00fa 00       		.byte	0
 899 00fb 00       		.byte	0
 900 00fc 13       		.uleb128 0x13
 901 00fd 21       		.uleb128 0x21
 902 00fe 00       		.byte	0
 903 00ff 49       		.uleb128 0x49
 904 0100 13       		.uleb128 0x13
 905 0101 2F       		.uleb128 0x2f
 906 0102 0B       		.uleb128 0xb
 907 0103 00       		.byte	0
 908 0104 00       		.byte	0
 909 0105 14       		.uleb128 0x14
 910 0106 26       		.uleb128 0x26
 911 0107 00       		.byte	0
 912 0108 49       		.uleb128 0x49
 913 0109 13       		.uleb128 0x13
 914 010a 00       		.byte	0
 915 010b 00       		.byte	0
 916 010c 15       		.uleb128 0x15
 917 010d 34       		.uleb128 0x34
 918 010e 00       		.byte	0
 919 010f 03       		.uleb128 0x3
ARM GAS  C:\Users\Zeynep\AppData\Local\Temp\ccKQpygx.s 			page 23


 920 0110 0E       		.uleb128 0xe
 921 0111 3A       		.uleb128 0x3a
 922 0112 0B       		.uleb128 0xb
 923 0113 3B       		.uleb128 0x3b
 924 0114 05       		.uleb128 0x5
 925 0115 49       		.uleb128 0x49
 926 0116 13       		.uleb128 0x13
 927 0117 02       		.uleb128 0x2
 928 0118 18       		.uleb128 0x18
 929 0119 00       		.byte	0
 930 011a 00       		.byte	0
 931 011b 16       		.uleb128 0x16
 932 011c 34       		.uleb128 0x34
 933 011d 00       		.byte	0
 934 011e 03       		.uleb128 0x3
 935 011f 08       		.uleb128 0x8
 936 0120 3A       		.uleb128 0x3a
 937 0121 0B       		.uleb128 0xb
 938 0122 3B       		.uleb128 0x3b
 939 0123 05       		.uleb128 0x5
 940 0124 49       		.uleb128 0x49
 941 0125 13       		.uleb128 0x13
 942 0126 02       		.uleb128 0x2
 943 0127 17       		.uleb128 0x17
 944 0128 00       		.byte	0
 945 0129 00       		.byte	0
 946 012a 17       		.uleb128 0x17
 947 012b 0B       		.uleb128 0xb
 948 012c 01       		.byte	0x1
 949 012d 11       		.uleb128 0x11
 950 012e 01       		.uleb128 0x1
 951 012f 12       		.uleb128 0x12
 952 0130 06       		.uleb128 0x6
 953 0131 00       		.byte	0
 954 0132 00       		.byte	0
 955 0133 18       		.uleb128 0x18
 956 0134 0F       		.uleb128 0xf
 957 0135 00       		.byte	0
 958 0136 0B       		.uleb128 0xb
 959 0137 0B       		.uleb128 0xb
 960 0138 49       		.uleb128 0x49
 961 0139 13       		.uleb128 0x13
 962 013a 00       		.byte	0
 963 013b 00       		.byte	0
 964 013c 19       		.uleb128 0x19
 965 013d 898201   		.uleb128 0x4109
 966 0140 00       		.byte	0
 967 0141 11       		.uleb128 0x11
 968 0142 01       		.uleb128 0x1
 969 0143 31       		.uleb128 0x31
 970 0144 13       		.uleb128 0x13
 971 0145 00       		.byte	0
 972 0146 00       		.byte	0
 973 0147 1A       		.uleb128 0x1a
 974 0148 2E       		.uleb128 0x2e
 975 0149 00       		.byte	0
 976 014a 3F       		.uleb128 0x3f
ARM GAS  C:\Users\Zeynep\AppData\Local\Temp\ccKQpygx.s 			page 24


 977 014b 19       		.uleb128 0x19
 978 014c 3C       		.uleb128 0x3c
 979 014d 19       		.uleb128 0x19
 980 014e 6E       		.uleb128 0x6e
 981 014f 0E       		.uleb128 0xe
 982 0150 03       		.uleb128 0x3
 983 0151 0E       		.uleb128 0xe
 984 0152 00       		.byte	0
 985 0153 00       		.byte	0
 986 0154 1B       		.uleb128 0x1b
 987 0155 2E       		.uleb128 0x2e
 988 0156 00       		.byte	0
 989 0157 3F       		.uleb128 0x3f
 990 0158 19       		.uleb128 0x19
 991 0159 3C       		.uleb128 0x3c
 992 015a 19       		.uleb128 0x19
 993 015b 6E       		.uleb128 0x6e
 994 015c 0E       		.uleb128 0xe
 995 015d 03       		.uleb128 0x3
 996 015e 0E       		.uleb128 0xe
 997 015f 3A       		.uleb128 0x3a
 998 0160 0B       		.uleb128 0xb
 999 0161 3B       		.uleb128 0x3b
 1000 0162 0B       		.uleb128 0xb
 1001 0163 00       		.byte	0
 1002 0164 00       		.byte	0
 1003 0165 00       		.byte	0
 1004              		.section	.debug_loc,"",%progbits
 1005              	.Ldebug_loc0:
 1006              	.LLST0:
 1007 0000 00000000 		.4byte	.LVL0
 1008 0004 09000000 		.4byte	.LVL2-1
 1009 0008 0100     		.2byte	0x1
 1010 000a 50       		.byte	0x50
 1011 000b 09000000 		.4byte	.LVL2-1
 1012 000f 0C000000 		.4byte	.LFE1
 1013 0013 0400     		.2byte	0x4
 1014 0015 F3       		.byte	0xf3
 1015 0016 01       		.uleb128 0x1
 1016 0017 50       		.byte	0x50
 1017 0018 9F       		.byte	0x9f
 1018 0019 00000000 		.4byte	0
 1019 001d 00000000 		.4byte	0
 1020              	.LLST1:
 1021 0021 00000000 		.4byte	.LVL0
 1022 0025 06000000 		.4byte	.LVL1
 1023 0029 0100     		.2byte	0x1
 1024 002b 51       		.byte	0x51
 1025 002c 06000000 		.4byte	.LVL1
 1026 0030 09000000 		.4byte	.LVL2-1
 1027 0034 0100     		.2byte	0x1
 1028 0036 52       		.byte	0x52
 1029 0037 09000000 		.4byte	.LVL2-1
 1030 003b 0C000000 		.4byte	.LFE1
 1031 003f 0400     		.2byte	0x4
 1032 0041 F3       		.byte	0xf3
 1033 0042 01       		.uleb128 0x1
ARM GAS  C:\Users\Zeynep\AppData\Local\Temp\ccKQpygx.s 			page 25


 1034 0043 51       		.byte	0x51
 1035 0044 9F       		.byte	0x9f
 1036 0045 00000000 		.4byte	0
 1037 0049 00000000 		.4byte	0
 1038              	.LLST2:
 1039 004d 9C000000 		.4byte	.LVL6
 1040 0051 A0000000 		.4byte	.LVL7
 1041 0055 0200     		.2byte	0x2
 1042 0057 30       		.byte	0x30
 1043 0058 9F       		.byte	0x9f
 1044 0059 A0000000 		.4byte	.LVL7
 1045 005d BE000000 		.4byte	.LVL9
 1046 0061 0100     		.2byte	0x1
 1047 0063 54       		.byte	0x54
 1048 0064 C0000000 		.4byte	.LVL10
 1049 0068 14010000 		.4byte	.LVL13
 1050 006c 0100     		.2byte	0x1
 1051 006e 54       		.byte	0x54
 1052 006f 00000000 		.4byte	0
 1053 0073 00000000 		.4byte	0
 1054              	.LLST3:
 1055 0077 A0000000 		.4byte	.LVL7
 1056 007b BE000000 		.4byte	.LVL9
 1057 007f 0B00     		.2byte	0xb
 1058 0081 74       		.byte	0x74
 1059 0082 00       		.sleb128 0
 1060 0083 36       		.byte	0x36
 1061 0084 1E       		.byte	0x1e
 1062 0085 03       		.byte	0x3
 1063 0086 00000000 		.4byte	cfg_memset_list.4888
 1064 008a 22       		.byte	0x22
 1065 008b 9F       		.byte	0x9f
 1066 008c BE000000 		.4byte	.LVL9
 1067 0090 C0000000 		.4byte	.LVL10
 1068 0094 0B00     		.2byte	0xb
 1069 0096 74       		.byte	0x74
 1070 0097 7F       		.sleb128 -1
 1071 0098 36       		.byte	0x36
 1072 0099 1E       		.byte	0x1e
 1073 009a 03       		.byte	0x3
 1074 009b 00000000 		.4byte	cfg_memset_list.4888
 1075 009f 22       		.byte	0x22
 1076 00a0 9F       		.byte	0x9f
 1077 00a1 00000000 		.4byte	0
 1078 00a5 00000000 		.4byte	0
 1079              		.section	.debug_aranges,"",%progbits
 1080 0000 34000000 		.4byte	0x34
 1081 0004 0200     		.2byte	0x2
 1082 0006 00000000 		.4byte	.Ldebug_info0
 1083 000a 04       		.byte	0x4
 1084 000b 00       		.byte	0
 1085 000c 0000     		.2byte	0
 1086 000e 0000     		.2byte	0
 1087 0010 00000000 		.4byte	.LFB5
 1088 0014 20000000 		.4byte	.LFE5-.LFB5
 1089 0018 00000000 		.4byte	.LFB1
 1090 001c 0C000000 		.4byte	.LFE1-.LFB1
ARM GAS  C:\Users\Zeynep\AppData\Local\Temp\ccKQpygx.s 			page 26


 1091 0020 00000000 		.4byte	.LFB4
 1092 0024 98000000 		.4byte	.LFE4-.LFB4
 1093 0028 98000000 		.4byte	.LFB6
 1094 002c B0000000 		.4byte	.LFE6-.LFB6
 1095 0030 00000000 		.4byte	0
 1096 0034 00000000 		.4byte	0
 1097              		.section	.debug_ranges,"",%progbits
 1098              	.Ldebug_ranges0:
 1099 0000 00000000 		.4byte	.LFB5
 1100 0004 20000000 		.4byte	.LFE5
 1101 0008 00000000 		.4byte	.LFB1
 1102 000c 0C000000 		.4byte	.LFE1
 1103 0010 00000000 		.4byte	.LFB4
 1104 0014 98000000 		.4byte	.LFE4
 1105 0018 98000000 		.4byte	.LFB6
 1106 001c 48010000 		.4byte	.LFE6
 1107 0020 00000000 		.4byte	0
 1108 0024 00000000 		.4byte	0
 1109              		.section	.debug_line,"",%progbits
 1110              	.Ldebug_line0:
 1111 0000 2C010000 		.section	.debug_str,"MS",%progbits,1
 1111      0200BA00 
 1111      00000201 
 1111      FB0E0D00 
 1111      01010101 
 1112              	.LASF19:
 1113 0000 72656733 		.ascii	"reg32\000"
 1113      3200
 1114              	.LASF12:
 1115 0006 73697A65 		.ascii	"size_t\000"
 1115      5F7400
 1116              	.LASF32:
 1117 000d 416E616C 		.ascii	"AnalogSetDefault\000"
 1117      6F675365 
 1117      74446566 
 1117      61756C74 
 1117      00
 1118              	.LASF27:
 1119 001e 4379496E 		.ascii	"CyIntSetVector\000"
 1119      74536574 
 1119      56656374 
 1119      6F7200
 1120              	.LASF25:
 1121 002d 6366675F 		.ascii	"cfg_memset_list\000"
 1121      6D656D73 
 1121      65745F6C 
 1121      69737400 
 1122              	.LASF21:
 1123 003d 436C6F63 		.ascii	"ClockSetup\000"
 1123      6B536574 
 1123      757000
 1124              	.LASF6:
 1125 0048 73686F72 		.ascii	"short unsigned int\000"
 1125      7420756E 
 1125      7369676E 
 1125      65642069 
 1125      6E7400
ARM GAS  C:\Users\Zeynep\AppData\Local\Temp\ccKQpygx.s 			page 27


 1126              	.LASF16:
 1127 005b 666C6F61 		.ascii	"float\000"
 1127      7400
 1128              	.LASF23:
 1129 0061 73697A65 		.ascii	"size\000"
 1129      00
 1130              	.LASF18:
 1131 0066 72656738 		.ascii	"reg8\000"
 1131      00
 1132              	.LASF8:
 1133 006b 6C6F6E67 		.ascii	"long unsigned int\000"
 1133      20756E73 
 1133      69676E65 
 1133      6420696E 
 1133      7400
 1134              	.LASF13:
 1135 007d 75696E74 		.ascii	"uint8\000"
 1135      3800
 1136              	.LASF20:
 1137 0083 43594D45 		.ascii	"CYMEMZERO\000"
 1137      4D5A4552 
 1137      4F00
 1138              	.LASF4:
 1139 008d 756E7369 		.ascii	"unsigned char\000"
 1139      676E6564 
 1139      20636861 
 1139      7200
 1140              	.LASF34:
 1141 009b 6D656D73 		.ascii	"memset\000"
 1141      657400
 1142              	.LASF17:
 1143 00a2 646F7562 		.ascii	"double\000"
 1143      6C6500
 1144              	.LASF28:
 1145 00a9 4379496E 		.ascii	"CyIntEnable\000"
 1145      74456E61 
 1145      626C6500 
 1146              	.LASF14:
 1147 00b5 75696E74 		.ascii	"uint16\000"
 1147      313600
 1148              	.LASF15:
 1149 00bc 75696E74 		.ascii	"uint32\000"
 1149      333200
 1150              	.LASF0:
 1151 00c3 756E7369 		.ascii	"unsigned int\000"
 1151      676E6564 
 1151      20696E74 
 1151      00
 1152              	.LASF33:
 1153 00d0 63796669 		.ascii	"cyfitter_cfg\000"
 1153      74746572 
 1153      5F636667 
 1153      00
 1154              	.LASF22:
 1155 00dd 61646472 		.ascii	"address\000"
 1155      65737300 
 1156              	.LASF9:
ARM GAS  C:\Users\Zeynep\AppData\Local\Temp\ccKQpygx.s 			page 28


 1157 00e5 6C6F6E67 		.ascii	"long long unsigned int\000"
 1157      206C6F6E 
 1157      6720756E 
 1157      7369676E 
 1157      65642069 
 1158              	.LASF29:
 1159 00fc 474E5520 		.ascii	"GNU C11 5.4.1 20160609 (release) [ARM/embedded-5-br"
 1159      43313120 
 1159      352E342E 
 1159      31203230 
 1159      31363036 
 1160 012f 616E6368 		.ascii	"anch revision 237715] -mcpu=cortex-m0 -mthumb -g -O"
 1160      20726576 
 1160      6973696F 
 1160      6E203233 
 1160      37373135 
 1161 0162 67202D66 		.ascii	"g -ffunction-sections -ffat-lto-objects\000"
 1161      66756E63 
 1161      74696F6E 
 1161      2D736563 
 1161      74696F6E 
 1162              	.LASF24:
 1163 018a 6366675F 		.ascii	"cfg_memset_t\000"
 1163      6D656D73 
 1163      65745F74 
 1163      00
 1164              	.LASF10:
 1165 0197 73697A65 		.ascii	"sizetype\000"
 1165      74797065 
 1165      00
 1166              	.LASF1:
 1167 01a0 6C6F6E67 		.ascii	"long long int\000"
 1167      206C6F6E 
 1167      6720696E 
 1167      7400
 1168              	.LASF11:
 1169 01ae 63686172 		.ascii	"char\000"
 1169      00
 1170              	.LASF5:
 1171 01b3 73686F72 		.ascii	"short int\000"
 1171      7420696E 
 1171      7400
 1172              	.LASF26:
 1173 01bd 43795379 		.ascii	"CySysClkWriteImoFreq\000"
 1173      73436C6B 
 1173      57726974 
 1173      65496D6F 
 1173      46726571 
 1174              	.LASF7:
 1175 01d2 6C6F6E67 		.ascii	"long int\000"
 1175      20696E74 
 1175      00
 1176              	.LASF2:
 1177 01db 6C6F6E67 		.ascii	"long double\000"
 1177      20646F75 
 1177      626C6500 
 1178              	.LASF3:
ARM GAS  C:\Users\Zeynep\AppData\Local\Temp\ccKQpygx.s 			page 29


 1179 01e7 7369676E 		.ascii	"signed char\000"
 1179      65642063 
 1179      68617200 
 1180              	.LASF30:
 1181 01f3 47656E65 		.ascii	"Generated_Source\\PSoC4\\cyfitter_cfg.c\000"
 1181      72617465 
 1181      645F536F 
 1181      75726365 
 1181      5C50536F 
 1182              	.LASF31:
 1183 0219 443A5C54 		.ascii	"D:\\TUTORIALS\\PSOC_LAB3\\LAB_3_PSOC\\UltraSonic180"
 1183      55544F52 
 1183      49414C53 
 1183      5C50534F 
 1183      435F4C41 
 1184 0248 3731352E 		.ascii	"715.cydsn\000"
 1184      63796473 
 1184      6E00
 1185              		.ident	"GCC: (GNU Tools for ARM Embedded Processors) 5.4.1 20160609 (release) [ARM/embedded-5-bran
