ARM GAS  C:\Users\Zeynep\AppData\Local\Temp\ccATGT5b.s 			page 1


   1              		.syntax unified
   2              		.cpu cortex-m0
   3              		.fpu softvfp
   4              		.eabi_attribute 20, 1
   5              		.eabi_attribute 21, 1
   6              		.eabi_attribute 23, 3
   7              		.eabi_attribute 24, 1
   8              		.eabi_attribute 25, 1
   9              		.eabi_attribute 26, 1
  10              		.eabi_attribute 30, 1
  11              		.eabi_attribute 34, 0
  12              		.eabi_attribute 18, 4
  13              		.thumb
  14              		.syntax unified
  15              		.file	"cyfitter_cfg.c"
  16              		.text
  17              	.Ltext0:
  18              		.cfi_sections	.debug_frame
  19              		.section	.text.CYMEMZERO,"ax",%progbits
  20              		.align	2
  21              		.code	16
  22              		.thumb_func
  23              		.type	CYMEMZERO, %function
  24              	CYMEMZERO:
  25              	.LFB0:
  26              		.file 1 "Generated_Source\\PSoC4\\cyfitter_cfg.c"
   1:Generated_Source\PSoC4/cyfitter_cfg.c **** 
   2:Generated_Source\PSoC4/cyfitter_cfg.c **** /*******************************************************************************
   3:Generated_Source\PSoC4/cyfitter_cfg.c **** * File Name: cyfitter_cfg.c
   4:Generated_Source\PSoC4/cyfitter_cfg.c **** * 
   5:Generated_Source\PSoC4/cyfitter_cfg.c **** * PSoC Creator  4.4
   6:Generated_Source\PSoC4/cyfitter_cfg.c **** *
   7:Generated_Source\PSoC4/cyfitter_cfg.c **** * Description:
   8:Generated_Source\PSoC4/cyfitter_cfg.c **** * This file contains device initialization code.
   9:Generated_Source\PSoC4/cyfitter_cfg.c **** * Except for the user defined sections in CyClockStartupError(), this file should not be modified.
  10:Generated_Source\PSoC4/cyfitter_cfg.c **** * This file is automatically generated by PSoC Creator.
  11:Generated_Source\PSoC4/cyfitter_cfg.c **** *
  12:Generated_Source\PSoC4/cyfitter_cfg.c **** ********************************************************************************
  13:Generated_Source\PSoC4/cyfitter_cfg.c **** * Copyright (c) 2007-2020 Cypress Semiconductor.  All rights reserved.
  14:Generated_Source\PSoC4/cyfitter_cfg.c **** * You may use this file only in accordance with the license, terms, conditions, 
  15:Generated_Source\PSoC4/cyfitter_cfg.c **** * disclaimers, and limitations in the end user license agreement accompanying 
  16:Generated_Source\PSoC4/cyfitter_cfg.c **** * the software package with which this file was provided.
  17:Generated_Source\PSoC4/cyfitter_cfg.c **** ********************************************************************************/
  18:Generated_Source\PSoC4/cyfitter_cfg.c **** 
  19:Generated_Source\PSoC4/cyfitter_cfg.c **** #include <string.h>
  20:Generated_Source\PSoC4/cyfitter_cfg.c **** #include "cytypes.h"
  21:Generated_Source\PSoC4/cyfitter_cfg.c **** #include "cydevice_trm.h"
  22:Generated_Source\PSoC4/cyfitter_cfg.c **** #include "cyfitter.h"
  23:Generated_Source\PSoC4/cyfitter_cfg.c **** #include "CyLib.h"
  24:Generated_Source\PSoC4/cyfitter_cfg.c **** #include "CyLFClk.h"
  25:Generated_Source\PSoC4/cyfitter_cfg.c **** #include "cyfitter_cfg.h"
  26:Generated_Source\PSoC4/cyfitter_cfg.c **** #include "cyapicallbacks.h"
  27:Generated_Source\PSoC4/cyfitter_cfg.c **** 
  28:Generated_Source\PSoC4/cyfitter_cfg.c **** 
  29:Generated_Source\PSoC4/cyfitter_cfg.c **** #if defined(__GNUC__) || defined(__ARMCC_VERSION)
  30:Generated_Source\PSoC4/cyfitter_cfg.c ****     #define CYPACKED 
  31:Generated_Source\PSoC4/cyfitter_cfg.c ****     #define CYPACKED_ATTR __attribute__ ((packed))
ARM GAS  C:\Users\Zeynep\AppData\Local\Temp\ccATGT5b.s 			page 2


  32:Generated_Source\PSoC4/cyfitter_cfg.c ****     #define CYALIGNED __attribute__ ((aligned))
  33:Generated_Source\PSoC4/cyfitter_cfg.c ****     #define CY_CFG_UNUSED __attribute__ ((unused))
  34:Generated_Source\PSoC4/cyfitter_cfg.c ****     #ifndef CY_CFG_SECTION
  35:Generated_Source\PSoC4/cyfitter_cfg.c ****         #define CY_CFG_SECTION __attribute__ ((section(".psocinit")))
  36:Generated_Source\PSoC4/cyfitter_cfg.c ****     #endif
  37:Generated_Source\PSoC4/cyfitter_cfg.c ****     
  38:Generated_Source\PSoC4/cyfitter_cfg.c ****     #if defined(__ARMCC_VERSION)
  39:Generated_Source\PSoC4/cyfitter_cfg.c ****         #define CY_CFG_MEMORY_BARRIER() __memory_changed()
  40:Generated_Source\PSoC4/cyfitter_cfg.c ****     #else
  41:Generated_Source\PSoC4/cyfitter_cfg.c ****         #define CY_CFG_MEMORY_BARRIER() __sync_synchronize()
  42:Generated_Source\PSoC4/cyfitter_cfg.c ****     #endif
  43:Generated_Source\PSoC4/cyfitter_cfg.c ****     
  44:Generated_Source\PSoC4/cyfitter_cfg.c **** #elif defined(__ICCARM__)
  45:Generated_Source\PSoC4/cyfitter_cfg.c ****     #include <intrinsics.h>
  46:Generated_Source\PSoC4/cyfitter_cfg.c **** 
  47:Generated_Source\PSoC4/cyfitter_cfg.c ****     #define CYPACKED __packed
  48:Generated_Source\PSoC4/cyfitter_cfg.c ****     #define CYPACKED_ATTR 
  49:Generated_Source\PSoC4/cyfitter_cfg.c ****     #define CYALIGNED _Pragma("data_alignment=4")
  50:Generated_Source\PSoC4/cyfitter_cfg.c ****     #define CY_CFG_UNUSED _Pragma("diag_suppress=Pe177")
  51:Generated_Source\PSoC4/cyfitter_cfg.c ****     #define CY_CFG_SECTION _Pragma("location=\".psocinit\"")
  52:Generated_Source\PSoC4/cyfitter_cfg.c ****     
  53:Generated_Source\PSoC4/cyfitter_cfg.c ****     #define CY_CFG_MEMORY_BARRIER() __DMB()
  54:Generated_Source\PSoC4/cyfitter_cfg.c ****     
  55:Generated_Source\PSoC4/cyfitter_cfg.c **** #else
  56:Generated_Source\PSoC4/cyfitter_cfg.c ****     #error Unsupported toolchain
  57:Generated_Source\PSoC4/cyfitter_cfg.c **** #endif
  58:Generated_Source\PSoC4/cyfitter_cfg.c **** 
  59:Generated_Source\PSoC4/cyfitter_cfg.c **** #ifndef CYCODE
  60:Generated_Source\PSoC4/cyfitter_cfg.c ****     #define CYCODE
  61:Generated_Source\PSoC4/cyfitter_cfg.c **** #endif
  62:Generated_Source\PSoC4/cyfitter_cfg.c **** #ifndef CYDATA
  63:Generated_Source\PSoC4/cyfitter_cfg.c ****     #define CYDATA
  64:Generated_Source\PSoC4/cyfitter_cfg.c **** #endif
  65:Generated_Source\PSoC4/cyfitter_cfg.c **** #ifndef CYFAR
  66:Generated_Source\PSoC4/cyfitter_cfg.c ****     #define CYFAR
  67:Generated_Source\PSoC4/cyfitter_cfg.c **** #endif
  68:Generated_Source\PSoC4/cyfitter_cfg.c **** #ifndef CYXDATA
  69:Generated_Source\PSoC4/cyfitter_cfg.c ****     #define CYXDATA
  70:Generated_Source\PSoC4/cyfitter_cfg.c **** #endif
  71:Generated_Source\PSoC4/cyfitter_cfg.c **** 
  72:Generated_Source\PSoC4/cyfitter_cfg.c **** 
  73:Generated_Source\PSoC4/cyfitter_cfg.c **** CY_CFG_UNUSED
  74:Generated_Source\PSoC4/cyfitter_cfg.c **** static void CYMEMZERO(void *s, size_t n);
  75:Generated_Source\PSoC4/cyfitter_cfg.c **** CY_CFG_UNUSED
  76:Generated_Source\PSoC4/cyfitter_cfg.c **** static void CYMEMZERO(void *s, size_t n)
  77:Generated_Source\PSoC4/cyfitter_cfg.c **** {
  27              		.loc 1 77 0
  28              		.cfi_startproc
  29              		@ args = 0, pretend = 0, frame = 0
  30              		@ frame_needed = 0, uses_anonymous_args = 0
  31              	.LVL0:
  32 0000 10B5     		push	{r4, lr}
  33              		.cfi_def_cfa_offset 8
  34              		.cfi_offset 4, -8
  35              		.cfi_offset 14, -4
  36 0002 0A00     		movs	r2, r1
  78:Generated_Source\PSoC4/cyfitter_cfg.c **** 	(void)memset(s, 0, n);
ARM GAS  C:\Users\Zeynep\AppData\Local\Temp\ccATGT5b.s 			page 3


  37              		.loc 1 78 0
  38 0004 0021     		movs	r1, #0
  39              	.LVL1:
  40 0006 FFF7FEFF 		bl	memset
  41              	.LVL2:
  79:Generated_Source\PSoC4/cyfitter_cfg.c **** }
  42              		.loc 1 79 0
  43              		@ sp needed
  44 000a 10BD     		pop	{r4, pc}
  45              		.cfi_endproc
  46              	.LFE0:
  47              		.size	CYMEMZERO, .-CYMEMZERO
  48              		.section	.psocinit,"ax",%progbits
  49              		.align	2
  50              		.code	16
  51              		.thumb_func
  52              		.type	ClockSetup, %function
  53              	ClockSetup:
  54              	.LFB3:
  80:Generated_Source\PSoC4/cyfitter_cfg.c **** CY_CFG_UNUSED
  81:Generated_Source\PSoC4/cyfitter_cfg.c **** static void CYCONFIGCPY(void *dest, const void *src, size_t n);
  82:Generated_Source\PSoC4/cyfitter_cfg.c **** CY_CFG_UNUSED
  83:Generated_Source\PSoC4/cyfitter_cfg.c **** static void CYCONFIGCPY(void *dest, const void *src, size_t n)
  84:Generated_Source\PSoC4/cyfitter_cfg.c **** {
  85:Generated_Source\PSoC4/cyfitter_cfg.c **** 	(void)memcpy(dest, src, n);
  86:Generated_Source\PSoC4/cyfitter_cfg.c **** }
  87:Generated_Source\PSoC4/cyfitter_cfg.c **** CY_CFG_UNUSED
  88:Generated_Source\PSoC4/cyfitter_cfg.c **** static void CYCONFIGCPYCODE(void *dest, const void *src, size_t n);
  89:Generated_Source\PSoC4/cyfitter_cfg.c **** CY_CFG_UNUSED
  90:Generated_Source\PSoC4/cyfitter_cfg.c **** static void CYCONFIGCPYCODE(void *dest, const void *src, size_t n)
  91:Generated_Source\PSoC4/cyfitter_cfg.c **** {
  92:Generated_Source\PSoC4/cyfitter_cfg.c **** 	(void)memcpy(dest, src, n);
  93:Generated_Source\PSoC4/cyfitter_cfg.c **** }
  94:Generated_Source\PSoC4/cyfitter_cfg.c **** 
  95:Generated_Source\PSoC4/cyfitter_cfg.c **** 
  96:Generated_Source\PSoC4/cyfitter_cfg.c **** 
  97:Generated_Source\PSoC4/cyfitter_cfg.c **** 
  98:Generated_Source\PSoC4/cyfitter_cfg.c **** /* Clock startup error codes                                                   */
  99:Generated_Source\PSoC4/cyfitter_cfg.c **** #define CYCLOCKSTART_NO_ERROR    0u
 100:Generated_Source\PSoC4/cyfitter_cfg.c **** #define CYCLOCKSTART_XTAL_ERROR  1u
 101:Generated_Source\PSoC4/cyfitter_cfg.c **** #define CYCLOCKSTART_32KHZ_ERROR 2u
 102:Generated_Source\PSoC4/cyfitter_cfg.c **** #define CYCLOCKSTART_PLL_ERROR   3u
 103:Generated_Source\PSoC4/cyfitter_cfg.c **** #define CYCLOCKSTART_FLL_ERROR   4u
 104:Generated_Source\PSoC4/cyfitter_cfg.c **** #define CYCLOCKSTART_WCO_ERROR   5u
 105:Generated_Source\PSoC4/cyfitter_cfg.c **** 
 106:Generated_Source\PSoC4/cyfitter_cfg.c **** 
 107:Generated_Source\PSoC4/cyfitter_cfg.c **** #ifdef CY_NEED_CYCLOCKSTARTUPERROR
 108:Generated_Source\PSoC4/cyfitter_cfg.c **** /*******************************************************************************
 109:Generated_Source\PSoC4/cyfitter_cfg.c **** * Function Name: CyClockStartupError
 110:Generated_Source\PSoC4/cyfitter_cfg.c **** ********************************************************************************
 111:Generated_Source\PSoC4/cyfitter_cfg.c **** * Summary:
 112:Generated_Source\PSoC4/cyfitter_cfg.c **** *  If an error is encountered during clock configuration (crystal startup error,
 113:Generated_Source\PSoC4/cyfitter_cfg.c **** *  PLL lock error, etc.), the system will end up here.  Unless reimplemented by
 114:Generated_Source\PSoC4/cyfitter_cfg.c **** *  the customer, this function will stop in an infinite loop.
 115:Generated_Source\PSoC4/cyfitter_cfg.c **** *
 116:Generated_Source\PSoC4/cyfitter_cfg.c **** * Parameters:
 117:Generated_Source\PSoC4/cyfitter_cfg.c **** *   void
ARM GAS  C:\Users\Zeynep\AppData\Local\Temp\ccATGT5b.s 			page 4


 118:Generated_Source\PSoC4/cyfitter_cfg.c **** *
 119:Generated_Source\PSoC4/cyfitter_cfg.c **** * Return:
 120:Generated_Source\PSoC4/cyfitter_cfg.c **** *   void
 121:Generated_Source\PSoC4/cyfitter_cfg.c **** *
 122:Generated_Source\PSoC4/cyfitter_cfg.c **** *******************************************************************************/
 123:Generated_Source\PSoC4/cyfitter_cfg.c **** CY_CFG_UNUSED
 124:Generated_Source\PSoC4/cyfitter_cfg.c **** static void CyClockStartupError(uint8 errorCode);
 125:Generated_Source\PSoC4/cyfitter_cfg.c **** CY_CFG_UNUSED
 126:Generated_Source\PSoC4/cyfitter_cfg.c **** static void CyClockStartupError(uint8 errorCode)
 127:Generated_Source\PSoC4/cyfitter_cfg.c **** {
 128:Generated_Source\PSoC4/cyfitter_cfg.c ****     /* To remove the compiler warning if errorCode not used.                */
 129:Generated_Source\PSoC4/cyfitter_cfg.c ****     errorCode = errorCode;
 130:Generated_Source\PSoC4/cyfitter_cfg.c **** 
 131:Generated_Source\PSoC4/cyfitter_cfg.c ****     /* If we have a clock startup error (bad MHz crystal, PLL lock, etc.),  */
 132:Generated_Source\PSoC4/cyfitter_cfg.c ****     /* we will end up here to allow the customer to implement something to  */
 133:Generated_Source\PSoC4/cyfitter_cfg.c ****     /* deal with the clock condition.                                       */
 134:Generated_Source\PSoC4/cyfitter_cfg.c **** 
 135:Generated_Source\PSoC4/cyfitter_cfg.c **** #ifdef CY_CFG_CLOCK_STARTUP_ERROR_CALLBACK
 136:Generated_Source\PSoC4/cyfitter_cfg.c ****     CY_CFG_Clock_Startup_ErrorCallback();
 137:Generated_Source\PSoC4/cyfitter_cfg.c **** #else
 138:Generated_Source\PSoC4/cyfitter_cfg.c ****     /*  If not using CY_CFG_CLOCK_STARTUP_ERROR_CALLBACK, place your clock startup code here. */
 139:Generated_Source\PSoC4/cyfitter_cfg.c ****     /* `#START CyClockStartupError` */
 140:Generated_Source\PSoC4/cyfitter_cfg.c **** 
 141:Generated_Source\PSoC4/cyfitter_cfg.c **** 
 142:Generated_Source\PSoC4/cyfitter_cfg.c **** 
 143:Generated_Source\PSoC4/cyfitter_cfg.c ****     /* `#END` */
 144:Generated_Source\PSoC4/cyfitter_cfg.c **** 
 145:Generated_Source\PSoC4/cyfitter_cfg.c ****     while(1) {}
 146:Generated_Source\PSoC4/cyfitter_cfg.c **** #endif /* CY_CFG_CLOCK_STARTUP_ERROR_CALLBACK */
 147:Generated_Source\PSoC4/cyfitter_cfg.c **** }
 148:Generated_Source\PSoC4/cyfitter_cfg.c **** #endif
 149:Generated_Source\PSoC4/cyfitter_cfg.c **** 
 150:Generated_Source\PSoC4/cyfitter_cfg.c **** 
 151:Generated_Source\PSoC4/cyfitter_cfg.c **** 
 152:Generated_Source\PSoC4/cyfitter_cfg.c **** /*******************************************************************************
 153:Generated_Source\PSoC4/cyfitter_cfg.c **** * Function Name: ClockSetup
 154:Generated_Source\PSoC4/cyfitter_cfg.c **** ********************************************************************************
 155:Generated_Source\PSoC4/cyfitter_cfg.c **** *
 156:Generated_Source\PSoC4/cyfitter_cfg.c **** * Summary:
 157:Generated_Source\PSoC4/cyfitter_cfg.c **** *   Performs the initialization of all of the clocks in the device based on the
 158:Generated_Source\PSoC4/cyfitter_cfg.c **** *   settings in the Clock tab of the DWR.  This includes enabling the requested
 159:Generated_Source\PSoC4/cyfitter_cfg.c **** *   clocks and setting the necessary dividers to produce the desired frequency. 
 160:Generated_Source\PSoC4/cyfitter_cfg.c **** *
 161:Generated_Source\PSoC4/cyfitter_cfg.c **** * Parameters:
 162:Generated_Source\PSoC4/cyfitter_cfg.c **** *   void
 163:Generated_Source\PSoC4/cyfitter_cfg.c **** *
 164:Generated_Source\PSoC4/cyfitter_cfg.c **** * Return:
 165:Generated_Source\PSoC4/cyfitter_cfg.c **** *   void
 166:Generated_Source\PSoC4/cyfitter_cfg.c **** *
 167:Generated_Source\PSoC4/cyfitter_cfg.c **** *******************************************************************************/
 168:Generated_Source\PSoC4/cyfitter_cfg.c **** static void ClockSetup(void);
 169:Generated_Source\PSoC4/cyfitter_cfg.c **** CY_CFG_SECTION
 170:Generated_Source\PSoC4/cyfitter_cfg.c **** static void ClockSetup(void)
 171:Generated_Source\PSoC4/cyfitter_cfg.c **** {
  55              		.loc 1 171 0
  56              		.cfi_startproc
  57              		@ args = 0, pretend = 0, frame = 0
ARM GAS  C:\Users\Zeynep\AppData\Local\Temp\ccATGT5b.s 			page 5


  58              		@ frame_needed = 0, uses_anonymous_args = 0
  59 0000 70B5     		push	{r4, r5, r6, lr}
  60              		.cfi_def_cfa_offset 16
  61              		.cfi_offset 4, -16
  62              		.cfi_offset 5, -12
  63              		.cfi_offset 6, -8
  64              		.cfi_offset 14, -4
 172:Generated_Source\PSoC4/cyfitter_cfg.c **** 	/* Enable HALF_EN before trimming for the flash accelerator. */
 173:Generated_Source\PSoC4/cyfitter_cfg.c **** 	CY_SET_REG32((void CYXDATA *)(CYREG_CLK_SELECT), (CY_GET_REG32((void *)CYREG_CLK_SELECT) | 0x00040
  65              		.loc 1 173 0
  66 0002 0F4C     		ldr	r4, .L3
  67 0004 2368     		ldr	r3, [r4]
  68 0006 8022     		movs	r2, #128
  69 0008 D202     		lsls	r2, r2, #11
  70 000a 1343     		orrs	r3, r2
  71 000c 2360     		str	r3, [r4]
 174:Generated_Source\PSoC4/cyfitter_cfg.c **** 
 175:Generated_Source\PSoC4/cyfitter_cfg.c **** 	/* Setup and trim IMO based on desired frequency. */
 176:Generated_Source\PSoC4/cyfitter_cfg.c **** 	CySysClkWriteImoFreq(24u);
  72              		.loc 1 176 0
  73 000e 1820     		movs	r0, #24
  74 0010 FFF7FEFF 		bl	CySysClkWriteImoFreq
  75              	.LVL3:
 177:Generated_Source\PSoC4/cyfitter_cfg.c **** 
 178:Generated_Source\PSoC4/cyfitter_cfg.c **** 	/* Disable HALF_EN since it is not required at this IMO frequency. */
 179:Generated_Source\PSoC4/cyfitter_cfg.c **** 	CY_SET_REG32((void CYXDATA *)(CYREG_CLK_SELECT), (CY_GET_REG32((void *)CYREG_CLK_SELECT) & 0xFFFBF
  76              		.loc 1 179 0
  77 0014 2268     		ldr	r2, [r4]
  78 0016 0B4B     		ldr	r3, .L3+4
  79 0018 1340     		ands	r3, r2
  80 001a 2360     		str	r3, [r4]
 180:Generated_Source\PSoC4/cyfitter_cfg.c **** 	/* CYDEV_CLK_ILO_CONFIG Starting address: CYDEV_CLK_ILO_CONFIG */
 181:Generated_Source\PSoC4/cyfitter_cfg.c **** 	CY_SET_REG32((void *)(CYREG_CLK_ILO_CONFIG), 0x80000006u);
  81              		.loc 1 181 0
  82 001c 0A4A     		ldr	r2, .L3+8
  83 001e 0B4B     		ldr	r3, .L3+12
  84 0020 1A60     		str	r2, [r3]
 182:Generated_Source\PSoC4/cyfitter_cfg.c **** 
 183:Generated_Source\PSoC4/cyfitter_cfg.c **** 
 184:Generated_Source\PSoC4/cyfitter_cfg.c **** 	/* CYDEV_CLK_IMO_CONFIG Starting address: CYDEV_CLK_IMO_CONFIG */
 185:Generated_Source\PSoC4/cyfitter_cfg.c **** 	CY_SET_REG32((void *)(CYREG_CLK_IMO_CONFIG), 0x80000000u);
  85              		.loc 1 185 0
  86 0022 063A     		subs	r2, r2, #6
  87 0024 0A4B     		ldr	r3, .L3+16
  88 0026 1A60     		str	r2, [r3]
 186:Generated_Source\PSoC4/cyfitter_cfg.c **** 
 187:Generated_Source\PSoC4/cyfitter_cfg.c **** 	/* CYDEV_CLK_SELECT Starting address: CYDEV_CLK_SELECT */
 188:Generated_Source\PSoC4/cyfitter_cfg.c **** 	CY_SET_REG32((void *)(CYREG_CLK_SELECT), 0x00000000u);
  89              		.loc 1 188 0
  90 0028 0025     		movs	r5, #0
  91 002a 2560     		str	r5, [r4]
 189:Generated_Source\PSoC4/cyfitter_cfg.c **** 
 190:Generated_Source\PSoC4/cyfitter_cfg.c **** 	(void)CyIntSetVector(9u, &CySysWdtIsr);
  92              		.loc 1 190 0
  93 002c 0949     		ldr	r1, .L3+20
  94 002e 0920     		movs	r0, #9
  95 0030 FFF7FEFF 		bl	CyIntSetVector
ARM GAS  C:\Users\Zeynep\AppData\Local\Temp\ccATGT5b.s 			page 6


  96              	.LVL4:
 191:Generated_Source\PSoC4/cyfitter_cfg.c **** 	CyIntEnable(9u);
  97              		.loc 1 191 0
  98 0034 0920     		movs	r0, #9
  99 0036 FFF7FEFF 		bl	CyIntEnable
 100              	.LVL5:
 192:Generated_Source\PSoC4/cyfitter_cfg.c **** 	CY_SET_REG32((void *)(CYREG_WDT_CONFIG), 0x00000000u);
 101              		.loc 1 192 0
 102 003a 074B     		ldr	r3, .L3+24
 103 003c 1D60     		str	r5, [r3]
 193:Generated_Source\PSoC4/cyfitter_cfg.c **** }
 104              		.loc 1 193 0
 105              		@ sp needed
 106 003e 70BD     		pop	{r4, r5, r6, pc}
 107              	.L4:
 108              		.align	2
 109              	.L3:
 110 0040 00010B40 		.word	1074462976
 111 0044 FFFFFBFF 		.word	-262145
 112 0048 06000080 		.word	-2147483642
 113 004c 04010B40 		.word	1074462980
 114 0050 08010B40 		.word	1074462984
 115 0054 00000000 		.word	CySysWdtIsr
 116 0058 0C020B40 		.word	1074463244
 117              		.cfi_endproc
 118              	.LFE3:
 119              		.size	ClockSetup, .-ClockSetup
 120              		.align	2
 121              		.global	cyfitter_cfg
 122              		.code	16
 123              		.thumb_func
 124              		.type	cyfitter_cfg, %function
 125              	cyfitter_cfg:
 126              	.LFB5:
 194:Generated_Source\PSoC4/cyfitter_cfg.c **** 
 195:Generated_Source\PSoC4/cyfitter_cfg.c **** 
 196:Generated_Source\PSoC4/cyfitter_cfg.c **** /* Analog API Functions */
 197:Generated_Source\PSoC4/cyfitter_cfg.c **** 
 198:Generated_Source\PSoC4/cyfitter_cfg.c **** 
 199:Generated_Source\PSoC4/cyfitter_cfg.c **** /*******************************************************************************
 200:Generated_Source\PSoC4/cyfitter_cfg.c **** * Function Name: AnalogSetDefault
 201:Generated_Source\PSoC4/cyfitter_cfg.c **** ********************************************************************************
 202:Generated_Source\PSoC4/cyfitter_cfg.c **** *
 203:Generated_Source\PSoC4/cyfitter_cfg.c **** * Summary:
 204:Generated_Source\PSoC4/cyfitter_cfg.c **** *  Sets up the analog portions of the chip to default values based on chip
 205:Generated_Source\PSoC4/cyfitter_cfg.c **** *  configuration options from the project.
 206:Generated_Source\PSoC4/cyfitter_cfg.c **** *
 207:Generated_Source\PSoC4/cyfitter_cfg.c **** * Parameters:
 208:Generated_Source\PSoC4/cyfitter_cfg.c **** *  void
 209:Generated_Source\PSoC4/cyfitter_cfg.c **** *
 210:Generated_Source\PSoC4/cyfitter_cfg.c **** * Return:
 211:Generated_Source\PSoC4/cyfitter_cfg.c **** *  void
 212:Generated_Source\PSoC4/cyfitter_cfg.c **** *
 213:Generated_Source\PSoC4/cyfitter_cfg.c **** *******************************************************************************/
 214:Generated_Source\PSoC4/cyfitter_cfg.c **** static void AnalogSetDefault(void);
 215:Generated_Source\PSoC4/cyfitter_cfg.c **** static void AnalogSetDefault(void)
 216:Generated_Source\PSoC4/cyfitter_cfg.c **** {
ARM GAS  C:\Users\Zeynep\AppData\Local\Temp\ccATGT5b.s 			page 7


 217:Generated_Source\PSoC4/cyfitter_cfg.c **** }
 218:Generated_Source\PSoC4/cyfitter_cfg.c **** 
 219:Generated_Source\PSoC4/cyfitter_cfg.c **** 
 220:Generated_Source\PSoC4/cyfitter_cfg.c **** 
 221:Generated_Source\PSoC4/cyfitter_cfg.c **** 
 222:Generated_Source\PSoC4/cyfitter_cfg.c **** /*******************************************************************************
 223:Generated_Source\PSoC4/cyfitter_cfg.c **** * Function Name: cyfitter_cfg
 224:Generated_Source\PSoC4/cyfitter_cfg.c **** ********************************************************************************
 225:Generated_Source\PSoC4/cyfitter_cfg.c **** * Summary:
 226:Generated_Source\PSoC4/cyfitter_cfg.c **** *  This function is called by the start-up code for the selected device. It
 227:Generated_Source\PSoC4/cyfitter_cfg.c **** *  performs all of the necessary device configuration based on the design
 228:Generated_Source\PSoC4/cyfitter_cfg.c **** *  settings.  This includes settings from the Design Wide Resources (DWR) such
 229:Generated_Source\PSoC4/cyfitter_cfg.c **** *  as Clocks and Pins as well as any component configuration that is necessary.
 230:Generated_Source\PSoC4/cyfitter_cfg.c **** *
 231:Generated_Source\PSoC4/cyfitter_cfg.c **** * Parameters:
 232:Generated_Source\PSoC4/cyfitter_cfg.c **** *   void
 233:Generated_Source\PSoC4/cyfitter_cfg.c **** *
 234:Generated_Source\PSoC4/cyfitter_cfg.c **** * Return:
 235:Generated_Source\PSoC4/cyfitter_cfg.c **** *   void
 236:Generated_Source\PSoC4/cyfitter_cfg.c **** *
 237:Generated_Source\PSoC4/cyfitter_cfg.c **** *******************************************************************************/
 238:Generated_Source\PSoC4/cyfitter_cfg.c **** CY_CFG_SECTION
 239:Generated_Source\PSoC4/cyfitter_cfg.c **** void cyfitter_cfg(void)
 240:Generated_Source\PSoC4/cyfitter_cfg.c **** {
 127              		.loc 1 240 0
 128              		.cfi_startproc
 129              		@ args = 0, pretend = 0, frame = 0
 130              		@ frame_needed = 0, uses_anonymous_args = 0
 131 005c 10B5     		push	{r4, lr}
 132              		.cfi_def_cfa_offset 8
 133              		.cfi_offset 4, -8
 134              		.cfi_offset 14, -4
 241:Generated_Source\PSoC4/cyfitter_cfg.c **** 	/* Disable interrupts by default. Let user enable if/when they want. */
 242:Generated_Source\PSoC4/cyfitter_cfg.c **** 	CyGlobalIntDisable;
 135              		.loc 1 242 0
 136              		.syntax divided
 137              	@ 242 "Generated_Source\PSoC4\cyfitter_cfg.c" 1
 138 005e 72B6     		CPSID   i
 139              	@ 0 "" 2
 140              	.LVL6:
 141              		.thumb
 142              		.syntax unified
 143              	.LBB2:
 243:Generated_Source\PSoC4/cyfitter_cfg.c **** 
 244:Generated_Source\PSoC4/cyfitter_cfg.c **** 	{
 245:Generated_Source\PSoC4/cyfitter_cfg.c **** 
 246:Generated_Source\PSoC4/cyfitter_cfg.c **** 		CYPACKED typedef struct {
 247:Generated_Source\PSoC4/cyfitter_cfg.c **** 			void CYFAR *address;
 248:Generated_Source\PSoC4/cyfitter_cfg.c **** 			uint16 size;
 249:Generated_Source\PSoC4/cyfitter_cfg.c **** 		} CYPACKED_ATTR cfg_memset_t;
 250:Generated_Source\PSoC4/cyfitter_cfg.c **** 
 251:Generated_Source\PSoC4/cyfitter_cfg.c **** 		static const cfg_memset_t CYCODE cfg_memset_list[] = {
 252:Generated_Source\PSoC4/cyfitter_cfg.c **** 			/* address, size */
 253:Generated_Source\PSoC4/cyfitter_cfg.c **** 			{(void CYFAR *)(CYDEV_UDB_P0_U0_BASE), 1024u},
 254:Generated_Source\PSoC4/cyfitter_cfg.c **** 			{(void CYFAR *)(CYDEV_UDB_DSI0_BASE), 1024u},
 255:Generated_Source\PSoC4/cyfitter_cfg.c **** 		};
 256:Generated_Source\PSoC4/cyfitter_cfg.c **** 
ARM GAS  C:\Users\Zeynep\AppData\Local\Temp\ccATGT5b.s 			page 8


 257:Generated_Source\PSoC4/cyfitter_cfg.c **** 		uint8 CYDATA i;
 258:Generated_Source\PSoC4/cyfitter_cfg.c **** 
 259:Generated_Source\PSoC4/cyfitter_cfg.c **** 		/* Zero out critical memory blocks before beginning configuration */
 260:Generated_Source\PSoC4/cyfitter_cfg.c **** 		for (i = 0u; i < (sizeof(cfg_memset_list)/sizeof(cfg_memset_list[0])); i++)
 144              		.loc 1 260 0
 145 0060 0024     		movs	r4, #0
 146 0062 0FE0     		b	.L6
 147              	.LVL7:
 148              	.L7:
 149              	.LBB3:
 261:Generated_Source\PSoC4/cyfitter_cfg.c **** 		{
 262:Generated_Source\PSoC4/cyfitter_cfg.c **** 			const cfg_memset_t CYCODE * CYDATA ms = &cfg_memset_list[i];
 263:Generated_Source\PSoC4/cyfitter_cfg.c **** 			CYMEMZERO(ms->address, (size_t)(uint32)(ms->size));
 150              		.loc 1 263 0 discriminator 3
 151 0064 1B48     		ldr	r0, .L8
 152 0066 6200     		lsls	r2, r4, #1
 153 0068 1319     		adds	r3, r2, r4
 154 006a 5900     		lsls	r1, r3, #1
 155 006c 0B00     		movs	r3, r1
 156 006e 4118     		adds	r1, r0, r1
 157 0070 8988     		ldrh	r1, [r1, #4]
 158 0072 1A5A     		ldrh	r2, [r3, r0]
 159 0074 C318     		adds	r3, r0, r3
 160 0076 5888     		ldrh	r0, [r3, #2]
 161 0078 0004     		lsls	r0, r0, #16
 162 007a 1043     		orrs	r0, r2
 163 007c FFF7FEFF 		bl	CYMEMZERO
 164              	.LVL8:
 165              	.LBE3:
 260:Generated_Source\PSoC4/cyfitter_cfg.c **** 		{
 166              		.loc 1 260 0 discriminator 3
 167 0080 0134     		adds	r4, r4, #1
 168              	.LVL9:
 169 0082 E4B2     		uxtb	r4, r4
 170              	.LVL10:
 171              	.L6:
 260:Generated_Source\PSoC4/cyfitter_cfg.c **** 		{
 172              		.loc 1 260 0 is_stmt 0 discriminator 1
 173 0084 012C     		cmp	r4, #1
 174 0086 EDD9     		bls	.L7
 264:Generated_Source\PSoC4/cyfitter_cfg.c **** 		}
 265:Generated_Source\PSoC4/cyfitter_cfg.c **** 
 266:Generated_Source\PSoC4/cyfitter_cfg.c **** 		/* HSIOM Starting address: CYDEV_HSIOM_BASE */
 267:Generated_Source\PSoC4/cyfitter_cfg.c **** 		CY_SET_REG32((void *)(CYREG_HSIOM_PORT_SEL3), 0x0000EE00u);
 175              		.loc 1 267 0 is_stmt 1
 176 0088 EE22     		movs	r2, #238
 177 008a 1202     		lsls	r2, r2, #8
 178 008c 124B     		ldr	r3, .L8+4
 179 008e 1A60     		str	r2, [r3]
 268:Generated_Source\PSoC4/cyfitter_cfg.c **** 
 269:Generated_Source\PSoC4/cyfitter_cfg.c **** 		/* UDB_PA_0 Starting address: CYDEV_UDB_PA0_BASE */
 270:Generated_Source\PSoC4/cyfitter_cfg.c **** 		CY_SET_REG32((void *)(CYDEV_UDB_PA0_BASE), 0x00990000u);
 180              		.loc 1 270 0
 181 0090 9923     		movs	r3, #153
 182 0092 1B04     		lsls	r3, r3, #16
 183 0094 114A     		ldr	r2, .L8+8
 184 0096 1360     		str	r3, [r2]
ARM GAS  C:\Users\Zeynep\AppData\Local\Temp\ccATGT5b.s 			page 9


 271:Generated_Source\PSoC4/cyfitter_cfg.c **** 
 272:Generated_Source\PSoC4/cyfitter_cfg.c **** 		/* UDB_PA_1 Starting address: CYDEV_UDB_PA1_BASE */
 273:Generated_Source\PSoC4/cyfitter_cfg.c **** 		CY_SET_REG32((void *)(CYDEV_UDB_PA1_BASE), 0x00990000u);
 185              		.loc 1 273 0
 186 0098 114A     		ldr	r2, .L8+12
 187 009a 1360     		str	r3, [r2]
 274:Generated_Source\PSoC4/cyfitter_cfg.c **** 
 275:Generated_Source\PSoC4/cyfitter_cfg.c **** 		/* UDB_PA_3 Starting address: CYDEV_UDB_PA3_BASE */
 276:Generated_Source\PSoC4/cyfitter_cfg.c **** 		CY_SET_REG32((void *)(CYDEV_UDB_PA3_BASE), 0x00990000u);
 188              		.loc 1 276 0
 189 009c 114A     		ldr	r2, .L8+16
 190 009e 1360     		str	r3, [r2]
 277:Generated_Source\PSoC4/cyfitter_cfg.c **** 
 278:Generated_Source\PSoC4/cyfitter_cfg.c **** 		/* Enable digital routing */
 279:Generated_Source\PSoC4/cyfitter_cfg.c **** 		CY_SET_XTND_REG8((void *)CYREG_UDB_UDBIF_BANK_CTL, (uint8)(CY_GET_XTND_REG8((void *)CYREG_UDB_UDB
 191              		.loc 1 279 0
 192 00a0 114A     		ldr	r2, .L8+20
 193 00a2 1178     		ldrb	r1, [r2]
 194 00a4 0623     		movs	r3, #6
 195 00a6 0B43     		orrs	r3, r1
 196 00a8 DBB2     		uxtb	r3, r3
 197 00aa 1370     		strb	r3, [r2]
 198              	.LBE2:
 280:Generated_Source\PSoC4/cyfitter_cfg.c **** 	}
 281:Generated_Source\PSoC4/cyfitter_cfg.c **** 
 282:Generated_Source\PSoC4/cyfitter_cfg.c **** 	/* Perform second pass device configuration. These items must be configured in specific order afte
 283:Generated_Source\PSoC4/cyfitter_cfg.c **** 	/* IOPINS0_0 Starting address: CYDEV_PRT0_BASE */
 284:Generated_Source\PSoC4/cyfitter_cfg.c **** 	CY_SET_REG32((void *)(CYDEV_PRT0_BASE), 0x0000008Cu);
 199              		.loc 1 284 0
 200 00ac 8C22     		movs	r2, #140
 201 00ae 0F4B     		ldr	r3, .L8+24
 202 00b0 1A60     		str	r2, [r3]
 285:Generated_Source\PSoC4/cyfitter_cfg.c **** 	CY_SET_REG32((void *)(CYREG_PRT0_PC), 0x00400D80u);
 203              		.loc 1 285 0
 204 00b2 0F4A     		ldr	r2, .L8+28
 205 00b4 0F4B     		ldr	r3, .L8+32
 206 00b6 1A60     		str	r2, [r3]
 286:Generated_Source\PSoC4/cyfitter_cfg.c **** 
 287:Generated_Source\PSoC4/cyfitter_cfg.c **** 	/* IOPINS0_1 Starting address: CYDEV_PRT1_BASE */
 288:Generated_Source\PSoC4/cyfitter_cfg.c **** 	CY_SET_REG32((void *)(CYDEV_PRT1_BASE), 0x00000040u);
 207              		.loc 1 288 0
 208 00b8 4022     		movs	r2, #64
 209 00ba 0F4B     		ldr	r3, .L8+36
 210 00bc 1A60     		str	r2, [r3]
 289:Generated_Source\PSoC4/cyfitter_cfg.c **** 	CY_SET_REG32((void *)(CYREG_PRT1_PC), 0x00180000u);
 211              		.loc 1 289 0
 212 00be C022     		movs	r2, #192
 213 00c0 5203     		lsls	r2, r2, #13
 214 00c2 0E4B     		ldr	r3, .L8+40
 215 00c4 1A60     		str	r2, [r3]
 290:Generated_Source\PSoC4/cyfitter_cfg.c **** 
 291:Generated_Source\PSoC4/cyfitter_cfg.c **** 	/* IOPINS0_3 Starting address: CYDEV_PRT3_BASE */
 292:Generated_Source\PSoC4/cyfitter_cfg.c **** 	CY_SET_REG32((void *)(CYREG_PRT3_PC), 0x00000D80u);
 216              		.loc 1 292 0
 217 00c6 D822     		movs	r2, #216
 218 00c8 1201     		lsls	r2, r2, #4
 219 00ca 0D4B     		ldr	r3, .L8+44
ARM GAS  C:\Users\Zeynep\AppData\Local\Temp\ccATGT5b.s 			page 10


 220 00cc 1A60     		str	r2, [r3]
 293:Generated_Source\PSoC4/cyfitter_cfg.c **** 
 294:Generated_Source\PSoC4/cyfitter_cfg.c **** 
 295:Generated_Source\PSoC4/cyfitter_cfg.c **** 	/* Setup clocks based on selections from Clock DWR */
 296:Generated_Source\PSoC4/cyfitter_cfg.c **** 	ClockSetup();
 221              		.loc 1 296 0
 222 00ce FFF797FF 		bl	ClockSetup
 223              	.LVL11:
 297:Generated_Source\PSoC4/cyfitter_cfg.c **** 
 298:Generated_Source\PSoC4/cyfitter_cfg.c **** 	/* Perform basic analog initialization to defaults */
 299:Generated_Source\PSoC4/cyfitter_cfg.c **** 	AnalogSetDefault();
 300:Generated_Source\PSoC4/cyfitter_cfg.c **** 
 301:Generated_Source\PSoC4/cyfitter_cfg.c **** }
 224              		.loc 1 301 0
 225              		@ sp needed
 226              	.LVL12:
 227 00d2 10BD     		pop	{r4, pc}
 228              	.L9:
 229              		.align	2
 230              	.L8:
 231 00d4 00000000 		.word	.LANCHOR0
 232 00d8 0C000140 		.word	1073807372
 233 00dc 00500F40 		.word	1074745344
 234 00e0 10500F40 		.word	1074745360
 235 00e4 30500F40 		.word	1074745392
 236 00e8 00700F40 		.word	1074753536
 237 00ec 00000440 		.word	1074003968
 238 00f0 800D4000 		.word	4197760
 239 00f4 08000440 		.word	1074003976
 240 00f8 00010440 		.word	1074004224
 241 00fc 08010440 		.word	1074004232
 242 0100 08030440 		.word	1074004744
 243              		.cfi_endproc
 244              	.LFE5:
 245              		.size	cyfitter_cfg, .-cyfitter_cfg
 246              		.section	.rodata
 247              		.align	2
 248              		.set	.LANCHOR0,. + 0
 249              		.type	cfg_memset_list.4847, %object
 250              		.size	cfg_memset_list.4847, 12
 251              	cfg_memset_list.4847:
 252 0000 00300F40 		.word	1074737152
 253 0004 0004     		.short	1024
 254 0006 00400F40 		.4byte	1074741248
 255 000a 0004     		.short	1024
 256              		.text
 257              	.Letext0:
 258              		.file 2 "d:\\psoc creator\\4.4\\psoc creator\\import\\gnu\\arm\\5.4.1\\lib\\gcc\\arm-none-eabi\\5.
 259              		.file 3 "Generated_Source\\PSoC4\\cytypes.h"
 260              		.file 4 "Generated_Source\\PSoC4\\CyLib.h"
 261              		.section	.debug_info,"",%progbits
 262              	.Ldebug_info0:
 263 0000 74020000 		.4byte	0x274
 264 0004 0400     		.2byte	0x4
 265 0006 00000000 		.4byte	.Ldebug_abbrev0
 266 000a 04       		.byte	0x4
 267 000b 01       		.uleb128 0x1
ARM GAS  C:\Users\Zeynep\AppData\Local\Temp\ccATGT5b.s 			page 11


 268 000c 19010000 		.4byte	.LASF29
 269 0010 0C       		.byte	0xc
 270 0011 10020000 		.4byte	.LASF30
 271 0015 2C000000 		.4byte	.LASF31
 272 0019 00000000 		.4byte	.Ldebug_ranges0+0
 273 001d 00000000 		.4byte	0
 274 0021 00000000 		.4byte	.Ldebug_line0
 275 0025 02       		.uleb128 0x2
 276 0026 04       		.byte	0x4
 277 0027 05       		.byte	0x5
 278 0028 696E7400 		.ascii	"int\000"
 279 002c 03       		.uleb128 0x3
 280 002d 06000000 		.4byte	.LASF12
 281 0031 02       		.byte	0x2
 282 0032 D8       		.byte	0xd8
 283 0033 37000000 		.4byte	0x37
 284 0037 04       		.uleb128 0x4
 285 0038 04       		.byte	0x4
 286 0039 07       		.byte	0x7
 287 003a E0000000 		.4byte	.LASF0
 288 003e 04       		.uleb128 0x4
 289 003f 08       		.byte	0x8
 290 0040 05       		.byte	0x5
 291 0041 BD010000 		.4byte	.LASF1
 292 0045 04       		.uleb128 0x4
 293 0046 08       		.byte	0x8
 294 0047 04       		.byte	0x4
 295 0048 F8010000 		.4byte	.LASF2
 296 004c 04       		.uleb128 0x4
 297 004d 01       		.byte	0x1
 298 004e 06       		.byte	0x6
 299 004f 04020000 		.4byte	.LASF3
 300 0053 04       		.uleb128 0x4
 301 0054 01       		.byte	0x1
 302 0055 08       		.byte	0x8
 303 0056 AA000000 		.4byte	.LASF4
 304 005a 04       		.uleb128 0x4
 305 005b 02       		.byte	0x2
 306 005c 05       		.byte	0x5
 307 005d D0010000 		.4byte	.LASF5
 308 0061 04       		.uleb128 0x4
 309 0062 02       		.byte	0x2
 310 0063 07       		.byte	0x7
 311 0064 65000000 		.4byte	.LASF6
 312 0068 04       		.uleb128 0x4
 313 0069 04       		.byte	0x4
 314 006a 05       		.byte	0x5
 315 006b EF010000 		.4byte	.LASF7
 316 006f 04       		.uleb128 0x4
 317 0070 04       		.byte	0x4
 318 0071 07       		.byte	0x7
 319 0072 88000000 		.4byte	.LASF8
 320 0076 04       		.uleb128 0x4
 321 0077 08       		.byte	0x8
 322 0078 07       		.byte	0x7
 323 0079 02010000 		.4byte	.LASF9
 324 007d 04       		.uleb128 0x4
ARM GAS  C:\Users\Zeynep\AppData\Local\Temp\ccATGT5b.s 			page 12


 325 007e 04       		.byte	0x4
 326 007f 07       		.byte	0x7
 327 0080 B4010000 		.4byte	.LASF10
 328 0084 05       		.uleb128 0x5
 329 0085 04       		.byte	0x4
 330 0086 04       		.uleb128 0x4
 331 0087 01       		.byte	0x1
 332 0088 08       		.byte	0x8
 333 0089 CB010000 		.4byte	.LASF11
 334 008d 06       		.uleb128 0x6
 335 008e 9A000000 		.4byte	.LASF13
 336 0092 03       		.byte	0x3
 337 0093 FB01     		.2byte	0x1fb
 338 0095 53000000 		.4byte	0x53
 339 0099 06       		.uleb128 0x6
 340 009a D2000000 		.4byte	.LASF14
 341 009e 03       		.byte	0x3
 342 009f FC01     		.2byte	0x1fc
 343 00a1 61000000 		.4byte	0x61
 344 00a5 06       		.uleb128 0x6
 345 00a6 D9000000 		.4byte	.LASF15
 346 00aa 03       		.byte	0x3
 347 00ab FD01     		.2byte	0x1fd
 348 00ad 6F000000 		.4byte	0x6f
 349 00b1 04       		.uleb128 0x4
 350 00b2 04       		.byte	0x4
 351 00b3 04       		.byte	0x4
 352 00b4 78000000 		.4byte	.LASF16
 353 00b8 04       		.uleb128 0x4
 354 00b9 08       		.byte	0x8
 355 00ba 04       		.byte	0x4
 356 00bb BF000000 		.4byte	.LASF17
 357 00bf 06       		.uleb128 0x6
 358 00c0 83000000 		.4byte	.LASF18
 359 00c4 03       		.byte	0x3
 360 00c5 A502     		.2byte	0x2a5
 361 00c7 CB000000 		.4byte	0xcb
 362 00cb 07       		.uleb128 0x7
 363 00cc 8D000000 		.4byte	0x8d
 364 00d0 06       		.uleb128 0x6
 365 00d1 00000000 		.4byte	.LASF19
 366 00d5 03       		.byte	0x3
 367 00d6 A702     		.2byte	0x2a7
 368 00d8 DC000000 		.4byte	0xdc
 369 00dc 07       		.uleb128 0x7
 370 00dd A5000000 		.4byte	0xa5
 371 00e1 08       		.uleb128 0x8
 372 00e2 A0000000 		.4byte	.LASF20
 373 00e6 01       		.byte	0x1
 374 00e7 4C       		.byte	0x4c
 375 00e8 00000000 		.4byte	.LFB0
 376 00ec 0C000000 		.4byte	.LFE0-.LFB0
 377 00f0 01       		.uleb128 0x1
 378 00f1 9C       		.byte	0x9c
 379 00f2 2E010000 		.4byte	0x12e
 380 00f6 09       		.uleb128 0x9
 381 00f7 7300     		.ascii	"s\000"
ARM GAS  C:\Users\Zeynep\AppData\Local\Temp\ccATGT5b.s 			page 13


 382 00f9 01       		.byte	0x1
 383 00fa 4C       		.byte	0x4c
 384 00fb 84000000 		.4byte	0x84
 385 00ff 00000000 		.4byte	.LLST0
 386 0103 09       		.uleb128 0x9
 387 0104 6E00     		.ascii	"n\000"
 388 0106 01       		.byte	0x1
 389 0107 4C       		.byte	0x4c
 390 0108 2C000000 		.4byte	0x2c
 391 010c 21000000 		.4byte	.LLST1
 392 0110 0A       		.uleb128 0xa
 393 0111 0A000000 		.4byte	.LVL2
 394 0115 4D020000 		.4byte	0x24d
 395 0119 0B       		.uleb128 0xb
 396 011a 01       		.uleb128 0x1
 397 011b 50       		.byte	0x50
 398 011c 03       		.uleb128 0x3
 399 011d F3       		.byte	0xf3
 400 011e 01       		.uleb128 0x1
 401 011f 50       		.byte	0x50
 402 0120 0B       		.uleb128 0xb
 403 0121 01       		.uleb128 0x1
 404 0122 51       		.byte	0x51
 405 0123 01       		.uleb128 0x1
 406 0124 30       		.byte	0x30
 407 0125 0B       		.uleb128 0xb
 408 0126 01       		.uleb128 0x1
 409 0127 52       		.byte	0x52
 410 0128 03       		.uleb128 0x3
 411 0129 F3       		.byte	0xf3
 412 012a 01       		.uleb128 0x1
 413 012b 51       		.byte	0x51
 414 012c 00       		.byte	0
 415 012d 00       		.byte	0
 416 012e 08       		.uleb128 0x8
 417 012f 5A000000 		.4byte	.LASF21
 418 0133 01       		.byte	0x1
 419 0134 AA       		.byte	0xaa
 420 0135 00000000 		.4byte	.LFB3
 421 0139 5C000000 		.4byte	.LFE3-.LFB3
 422 013d 01       		.uleb128 0x1
 423 013e 9C       		.byte	0x9c
 424 013f 79010000 		.4byte	0x179
 425 0143 0C       		.uleb128 0xc
 426 0144 14000000 		.4byte	.LVL3
 427 0148 56020000 		.4byte	0x256
 428 014c 56010000 		.4byte	0x156
 429 0150 0B       		.uleb128 0xb
 430 0151 01       		.uleb128 0x1
 431 0152 50       		.byte	0x50
 432 0153 01       		.uleb128 0x1
 433 0154 48       		.byte	0x48
 434 0155 00       		.byte	0
 435 0156 0C       		.uleb128 0xc
 436 0157 34000000 		.4byte	.LVL4
 437 015b 61020000 		.4byte	0x261
 438 015f 69010000 		.4byte	0x169
ARM GAS  C:\Users\Zeynep\AppData\Local\Temp\ccATGT5b.s 			page 14


 439 0163 0B       		.uleb128 0xb
 440 0164 01       		.uleb128 0x1
 441 0165 50       		.byte	0x50
 442 0166 01       		.uleb128 0x1
 443 0167 39       		.byte	0x39
 444 0168 00       		.byte	0
 445 0169 0A       		.uleb128 0xa
 446 016a 3A000000 		.4byte	.LVL5
 447 016e 6C020000 		.4byte	0x26c
 448 0172 0B       		.uleb128 0xb
 449 0173 01       		.uleb128 0x1
 450 0174 50       		.byte	0x50
 451 0175 01       		.uleb128 0x1
 452 0176 39       		.byte	0x39
 453 0177 00       		.byte	0
 454 0178 00       		.byte	0
 455 0179 0D       		.uleb128 0xd
 456 017a ED000000 		.4byte	.LASF32
 457 017e 01       		.byte	0x1
 458 017f EF       		.byte	0xef
 459 0180 5C000000 		.4byte	.LFB5
 460 0184 A8000000 		.4byte	.LFE5-.LFB5
 461 0188 01       		.uleb128 0x1
 462 0189 9C       		.byte	0x9c
 463 018a 4D020000 		.4byte	0x24d
 464 018e 0E       		.uleb128 0xe
 465 018f 60000000 		.4byte	.LBB2
 466 0193 4C000000 		.4byte	.LBE2-.LBB2
 467 0197 43020000 		.4byte	0x243
 468 019b 0F       		.uleb128 0xf
 469 019c 06       		.byte	0x6
 470 019d 01       		.byte	0x1
 471 019e F6       		.byte	0xf6
 472 019f BC010000 		.4byte	0x1bc
 473 01a3 10       		.uleb128 0x10
 474 01a4 FA000000 		.4byte	.LASF22
 475 01a8 01       		.byte	0x1
 476 01a9 F7       		.byte	0xf7
 477 01aa 84000000 		.4byte	0x84
 478 01ae 00       		.byte	0
 479 01af 10       		.uleb128 0x10
 480 01b0 7E000000 		.4byte	.LASF23
 481 01b4 01       		.byte	0x1
 482 01b5 F8       		.byte	0xf8
 483 01b6 99000000 		.4byte	0x99
 484 01ba 04       		.byte	0x4
 485 01bb 00       		.byte	0
 486 01bc 03       		.uleb128 0x3
 487 01bd A7010000 		.4byte	.LASF24
 488 01c1 01       		.byte	0x1
 489 01c2 F9       		.byte	0xf9
 490 01c3 9B010000 		.4byte	0x19b
 491 01c7 11       		.uleb128 0x11
 492 01c8 D7010000 		.4byte	0x1d7
 493 01cc D7010000 		.4byte	0x1d7
 494 01d0 12       		.uleb128 0x12
 495 01d1 7D000000 		.4byte	0x7d
ARM GAS  C:\Users\Zeynep\AppData\Local\Temp\ccATGT5b.s 			page 15


 496 01d5 01       		.byte	0x1
 497 01d6 00       		.byte	0
 498 01d7 13       		.uleb128 0x13
 499 01d8 BC010000 		.4byte	0x1bc
 500 01dc 14       		.uleb128 0x14
 501 01dd 1C000000 		.4byte	.LASF25
 502 01e1 01       		.byte	0x1
 503 01e2 FB       		.byte	0xfb
 504 01e3 ED010000 		.4byte	0x1ed
 505 01e7 05       		.uleb128 0x5
 506 01e8 03       		.byte	0x3
 507 01e9 00000000 		.4byte	cfg_memset_list.4847
 508 01ed 13       		.uleb128 0x13
 509 01ee C7010000 		.4byte	0x1c7
 510 01f2 15       		.uleb128 0x15
 511 01f3 6900     		.ascii	"i\000"
 512 01f5 01       		.byte	0x1
 513 01f6 0101     		.2byte	0x101
 514 01f8 8D000000 		.4byte	0x8d
 515 01fc 4D000000 		.4byte	.LLST2
 516 0200 16       		.uleb128 0x16
 517 0201 64000000 		.4byte	.LBB3
 518 0205 1C000000 		.4byte	.LBE3-.LBB3
 519 0209 15       		.uleb128 0x15
 520 020a 6D7300   		.ascii	"ms\000"
 521 020d 01       		.byte	0x1
 522 020e 0601     		.2byte	0x106
 523 0210 18020000 		.4byte	0x218
 524 0214 77000000 		.4byte	.LLST3
 525 0218 17       		.uleb128 0x17
 526 0219 04       		.byte	0x4
 527 021a D7010000 		.4byte	0x1d7
 528 021e 0A       		.uleb128 0xa
 529 021f 80000000 		.4byte	.LVL8
 530 0223 E1000000 		.4byte	0xe1
 531 0227 0B       		.uleb128 0xb
 532 0228 01       		.uleb128 0x1
 533 0229 51       		.byte	0x51
 534 022a 15       		.uleb128 0x15
 535 022b 74       		.byte	0x74
 536 022c 00       		.sleb128 0
 537 022d 31       		.byte	0x31
 538 022e 24       		.byte	0x24
 539 022f 74       		.byte	0x74
 540 0230 00       		.sleb128 0
 541 0231 22       		.byte	0x22
 542 0232 31       		.byte	0x31
 543 0233 24       		.byte	0x24
 544 0234 03       		.byte	0x3
 545 0235 04000000 		.4byte	.LANCHOR0+4
 546 0239 22       		.byte	0x22
 547 023a 94       		.byte	0x94
 548 023b 02       		.byte	0x2
 549 023c 0A       		.byte	0xa
 550 023d FFFF     		.2byte	0xffff
 551 023f 1A       		.byte	0x1a
 552 0240 00       		.byte	0
ARM GAS  C:\Users\Zeynep\AppData\Local\Temp\ccATGT5b.s 			page 16


 553 0241 00       		.byte	0
 554 0242 00       		.byte	0
 555 0243 18       		.uleb128 0x18
 556 0244 D2000000 		.4byte	.LVL11
 557 0248 2E010000 		.4byte	0x12e
 558 024c 00       		.byte	0
 559 024d 19       		.uleb128 0x19
 560 024e B8000000 		.4byte	.LASF33
 561 0252 B8000000 		.4byte	.LASF33
 562 0256 1A       		.uleb128 0x1a
 563 0257 DA010000 		.4byte	.LASF26
 564 025b DA010000 		.4byte	.LASF26
 565 025f 04       		.byte	0x4
 566 0260 6C       		.byte	0x6c
 567 0261 1A       		.uleb128 0x1a
 568 0262 0D000000 		.4byte	.LASF27
 569 0266 0D000000 		.4byte	.LASF27
 570 026a 04       		.byte	0x4
 571 026b D0       		.byte	0xd0
 572 026c 1A       		.uleb128 0x1a
 573 026d C6000000 		.4byte	.LASF28
 574 0271 C6000000 		.4byte	.LASF28
 575 0275 04       		.byte	0x4
 576 0276 D6       		.byte	0xd6
 577 0277 00       		.byte	0
 578              		.section	.debug_abbrev,"",%progbits
 579              	.Ldebug_abbrev0:
 580 0000 01       		.uleb128 0x1
 581 0001 11       		.uleb128 0x11
 582 0002 01       		.byte	0x1
 583 0003 25       		.uleb128 0x25
 584 0004 0E       		.uleb128 0xe
 585 0005 13       		.uleb128 0x13
 586 0006 0B       		.uleb128 0xb
 587 0007 03       		.uleb128 0x3
 588 0008 0E       		.uleb128 0xe
 589 0009 1B       		.uleb128 0x1b
 590 000a 0E       		.uleb128 0xe
 591 000b 55       		.uleb128 0x55
 592 000c 17       		.uleb128 0x17
 593 000d 11       		.uleb128 0x11
 594 000e 01       		.uleb128 0x1
 595 000f 10       		.uleb128 0x10
 596 0010 17       		.uleb128 0x17
 597 0011 00       		.byte	0
 598 0012 00       		.byte	0
 599 0013 02       		.uleb128 0x2
 600 0014 24       		.uleb128 0x24
 601 0015 00       		.byte	0
 602 0016 0B       		.uleb128 0xb
 603 0017 0B       		.uleb128 0xb
 604 0018 3E       		.uleb128 0x3e
 605 0019 0B       		.uleb128 0xb
 606 001a 03       		.uleb128 0x3
 607 001b 08       		.uleb128 0x8
 608 001c 00       		.byte	0
 609 001d 00       		.byte	0
ARM GAS  C:\Users\Zeynep\AppData\Local\Temp\ccATGT5b.s 			page 17


 610 001e 03       		.uleb128 0x3
 611 001f 16       		.uleb128 0x16
 612 0020 00       		.byte	0
 613 0021 03       		.uleb128 0x3
 614 0022 0E       		.uleb128 0xe
 615 0023 3A       		.uleb128 0x3a
 616 0024 0B       		.uleb128 0xb
 617 0025 3B       		.uleb128 0x3b
 618 0026 0B       		.uleb128 0xb
 619 0027 49       		.uleb128 0x49
 620 0028 13       		.uleb128 0x13
 621 0029 00       		.byte	0
 622 002a 00       		.byte	0
 623 002b 04       		.uleb128 0x4
 624 002c 24       		.uleb128 0x24
 625 002d 00       		.byte	0
 626 002e 0B       		.uleb128 0xb
 627 002f 0B       		.uleb128 0xb
 628 0030 3E       		.uleb128 0x3e
 629 0031 0B       		.uleb128 0xb
 630 0032 03       		.uleb128 0x3
 631 0033 0E       		.uleb128 0xe
 632 0034 00       		.byte	0
 633 0035 00       		.byte	0
 634 0036 05       		.uleb128 0x5
 635 0037 0F       		.uleb128 0xf
 636 0038 00       		.byte	0
 637 0039 0B       		.uleb128 0xb
 638 003a 0B       		.uleb128 0xb
 639 003b 00       		.byte	0
 640 003c 00       		.byte	0
 641 003d 06       		.uleb128 0x6
 642 003e 16       		.uleb128 0x16
 643 003f 00       		.byte	0
 644 0040 03       		.uleb128 0x3
 645 0041 0E       		.uleb128 0xe
 646 0042 3A       		.uleb128 0x3a
 647 0043 0B       		.uleb128 0xb
 648 0044 3B       		.uleb128 0x3b
 649 0045 05       		.uleb128 0x5
 650 0046 49       		.uleb128 0x49
 651 0047 13       		.uleb128 0x13
 652 0048 00       		.byte	0
 653 0049 00       		.byte	0
 654 004a 07       		.uleb128 0x7
 655 004b 35       		.uleb128 0x35
 656 004c 00       		.byte	0
 657 004d 49       		.uleb128 0x49
 658 004e 13       		.uleb128 0x13
 659 004f 00       		.byte	0
 660 0050 00       		.byte	0
 661 0051 08       		.uleb128 0x8
 662 0052 2E       		.uleb128 0x2e
 663 0053 01       		.byte	0x1
 664 0054 03       		.uleb128 0x3
 665 0055 0E       		.uleb128 0xe
 666 0056 3A       		.uleb128 0x3a
ARM GAS  C:\Users\Zeynep\AppData\Local\Temp\ccATGT5b.s 			page 18


 667 0057 0B       		.uleb128 0xb
 668 0058 3B       		.uleb128 0x3b
 669 0059 0B       		.uleb128 0xb
 670 005a 27       		.uleb128 0x27
 671 005b 19       		.uleb128 0x19
 672 005c 11       		.uleb128 0x11
 673 005d 01       		.uleb128 0x1
 674 005e 12       		.uleb128 0x12
 675 005f 06       		.uleb128 0x6
 676 0060 40       		.uleb128 0x40
 677 0061 18       		.uleb128 0x18
 678 0062 9742     		.uleb128 0x2117
 679 0064 19       		.uleb128 0x19
 680 0065 01       		.uleb128 0x1
 681 0066 13       		.uleb128 0x13
 682 0067 00       		.byte	0
 683 0068 00       		.byte	0
 684 0069 09       		.uleb128 0x9
 685 006a 05       		.uleb128 0x5
 686 006b 00       		.byte	0
 687 006c 03       		.uleb128 0x3
 688 006d 08       		.uleb128 0x8
 689 006e 3A       		.uleb128 0x3a
 690 006f 0B       		.uleb128 0xb
 691 0070 3B       		.uleb128 0x3b
 692 0071 0B       		.uleb128 0xb
 693 0072 49       		.uleb128 0x49
 694 0073 13       		.uleb128 0x13
 695 0074 02       		.uleb128 0x2
 696 0075 17       		.uleb128 0x17
 697 0076 00       		.byte	0
 698 0077 00       		.byte	0
 699 0078 0A       		.uleb128 0xa
 700 0079 898201   		.uleb128 0x4109
 701 007c 01       		.byte	0x1
 702 007d 11       		.uleb128 0x11
 703 007e 01       		.uleb128 0x1
 704 007f 31       		.uleb128 0x31
 705 0080 13       		.uleb128 0x13
 706 0081 00       		.byte	0
 707 0082 00       		.byte	0
 708 0083 0B       		.uleb128 0xb
 709 0084 8A8201   		.uleb128 0x410a
 710 0087 00       		.byte	0
 711 0088 02       		.uleb128 0x2
 712 0089 18       		.uleb128 0x18
 713 008a 9142     		.uleb128 0x2111
 714 008c 18       		.uleb128 0x18
 715 008d 00       		.byte	0
 716 008e 00       		.byte	0
 717 008f 0C       		.uleb128 0xc
 718 0090 898201   		.uleb128 0x4109
 719 0093 01       		.byte	0x1
 720 0094 11       		.uleb128 0x11
 721 0095 01       		.uleb128 0x1
 722 0096 31       		.uleb128 0x31
 723 0097 13       		.uleb128 0x13
ARM GAS  C:\Users\Zeynep\AppData\Local\Temp\ccATGT5b.s 			page 19


 724 0098 01       		.uleb128 0x1
 725 0099 13       		.uleb128 0x13
 726 009a 00       		.byte	0
 727 009b 00       		.byte	0
 728 009c 0D       		.uleb128 0xd
 729 009d 2E       		.uleb128 0x2e
 730 009e 01       		.byte	0x1
 731 009f 3F       		.uleb128 0x3f
 732 00a0 19       		.uleb128 0x19
 733 00a1 03       		.uleb128 0x3
 734 00a2 0E       		.uleb128 0xe
 735 00a3 3A       		.uleb128 0x3a
 736 00a4 0B       		.uleb128 0xb
 737 00a5 3B       		.uleb128 0x3b
 738 00a6 0B       		.uleb128 0xb
 739 00a7 27       		.uleb128 0x27
 740 00a8 19       		.uleb128 0x19
 741 00a9 11       		.uleb128 0x11
 742 00aa 01       		.uleb128 0x1
 743 00ab 12       		.uleb128 0x12
 744 00ac 06       		.uleb128 0x6
 745 00ad 40       		.uleb128 0x40
 746 00ae 18       		.uleb128 0x18
 747 00af 9742     		.uleb128 0x2117
 748 00b1 19       		.uleb128 0x19
 749 00b2 01       		.uleb128 0x1
 750 00b3 13       		.uleb128 0x13
 751 00b4 00       		.byte	0
 752 00b5 00       		.byte	0
 753 00b6 0E       		.uleb128 0xe
 754 00b7 0B       		.uleb128 0xb
 755 00b8 01       		.byte	0x1
 756 00b9 11       		.uleb128 0x11
 757 00ba 01       		.uleb128 0x1
 758 00bb 12       		.uleb128 0x12
 759 00bc 06       		.uleb128 0x6
 760 00bd 01       		.uleb128 0x1
 761 00be 13       		.uleb128 0x13
 762 00bf 00       		.byte	0
 763 00c0 00       		.byte	0
 764 00c1 0F       		.uleb128 0xf
 765 00c2 13       		.uleb128 0x13
 766 00c3 01       		.byte	0x1
 767 00c4 0B       		.uleb128 0xb
 768 00c5 0B       		.uleb128 0xb
 769 00c6 3A       		.uleb128 0x3a
 770 00c7 0B       		.uleb128 0xb
 771 00c8 3B       		.uleb128 0x3b
 772 00c9 0B       		.uleb128 0xb
 773 00ca 01       		.uleb128 0x1
 774 00cb 13       		.uleb128 0x13
 775 00cc 00       		.byte	0
 776 00cd 00       		.byte	0
 777 00ce 10       		.uleb128 0x10
 778 00cf 0D       		.uleb128 0xd
 779 00d0 00       		.byte	0
 780 00d1 03       		.uleb128 0x3
ARM GAS  C:\Users\Zeynep\AppData\Local\Temp\ccATGT5b.s 			page 20


 781 00d2 0E       		.uleb128 0xe
 782 00d3 3A       		.uleb128 0x3a
 783 00d4 0B       		.uleb128 0xb
 784 00d5 3B       		.uleb128 0x3b
 785 00d6 0B       		.uleb128 0xb
 786 00d7 49       		.uleb128 0x49
 787 00d8 13       		.uleb128 0x13
 788 00d9 38       		.uleb128 0x38
 789 00da 0B       		.uleb128 0xb
 790 00db 00       		.byte	0
 791 00dc 00       		.byte	0
 792 00dd 11       		.uleb128 0x11
 793 00de 01       		.uleb128 0x1
 794 00df 01       		.byte	0x1
 795 00e0 49       		.uleb128 0x49
 796 00e1 13       		.uleb128 0x13
 797 00e2 01       		.uleb128 0x1
 798 00e3 13       		.uleb128 0x13
 799 00e4 00       		.byte	0
 800 00e5 00       		.byte	0
 801 00e6 12       		.uleb128 0x12
 802 00e7 21       		.uleb128 0x21
 803 00e8 00       		.byte	0
 804 00e9 49       		.uleb128 0x49
 805 00ea 13       		.uleb128 0x13
 806 00eb 2F       		.uleb128 0x2f
 807 00ec 0B       		.uleb128 0xb
 808 00ed 00       		.byte	0
 809 00ee 00       		.byte	0
 810 00ef 13       		.uleb128 0x13
 811 00f0 26       		.uleb128 0x26
 812 00f1 00       		.byte	0
 813 00f2 49       		.uleb128 0x49
 814 00f3 13       		.uleb128 0x13
 815 00f4 00       		.byte	0
 816 00f5 00       		.byte	0
 817 00f6 14       		.uleb128 0x14
 818 00f7 34       		.uleb128 0x34
 819 00f8 00       		.byte	0
 820 00f9 03       		.uleb128 0x3
 821 00fa 0E       		.uleb128 0xe
 822 00fb 3A       		.uleb128 0x3a
 823 00fc 0B       		.uleb128 0xb
 824 00fd 3B       		.uleb128 0x3b
 825 00fe 0B       		.uleb128 0xb
 826 00ff 49       		.uleb128 0x49
 827 0100 13       		.uleb128 0x13
 828 0101 02       		.uleb128 0x2
 829 0102 18       		.uleb128 0x18
 830 0103 00       		.byte	0
 831 0104 00       		.byte	0
 832 0105 15       		.uleb128 0x15
 833 0106 34       		.uleb128 0x34
 834 0107 00       		.byte	0
 835 0108 03       		.uleb128 0x3
 836 0109 08       		.uleb128 0x8
 837 010a 3A       		.uleb128 0x3a
ARM GAS  C:\Users\Zeynep\AppData\Local\Temp\ccATGT5b.s 			page 21


 838 010b 0B       		.uleb128 0xb
 839 010c 3B       		.uleb128 0x3b
 840 010d 05       		.uleb128 0x5
 841 010e 49       		.uleb128 0x49
 842 010f 13       		.uleb128 0x13
 843 0110 02       		.uleb128 0x2
 844 0111 17       		.uleb128 0x17
 845 0112 00       		.byte	0
 846 0113 00       		.byte	0
 847 0114 16       		.uleb128 0x16
 848 0115 0B       		.uleb128 0xb
 849 0116 01       		.byte	0x1
 850 0117 11       		.uleb128 0x11
 851 0118 01       		.uleb128 0x1
 852 0119 12       		.uleb128 0x12
 853 011a 06       		.uleb128 0x6
 854 011b 00       		.byte	0
 855 011c 00       		.byte	0
 856 011d 17       		.uleb128 0x17
 857 011e 0F       		.uleb128 0xf
 858 011f 00       		.byte	0
 859 0120 0B       		.uleb128 0xb
 860 0121 0B       		.uleb128 0xb
 861 0122 49       		.uleb128 0x49
 862 0123 13       		.uleb128 0x13
 863 0124 00       		.byte	0
 864 0125 00       		.byte	0
 865 0126 18       		.uleb128 0x18
 866 0127 898201   		.uleb128 0x4109
 867 012a 00       		.byte	0
 868 012b 11       		.uleb128 0x11
 869 012c 01       		.uleb128 0x1
 870 012d 31       		.uleb128 0x31
 871 012e 13       		.uleb128 0x13
 872 012f 00       		.byte	0
 873 0130 00       		.byte	0
 874 0131 19       		.uleb128 0x19
 875 0132 2E       		.uleb128 0x2e
 876 0133 00       		.byte	0
 877 0134 3F       		.uleb128 0x3f
 878 0135 19       		.uleb128 0x19
 879 0136 3C       		.uleb128 0x3c
 880 0137 19       		.uleb128 0x19
 881 0138 6E       		.uleb128 0x6e
 882 0139 0E       		.uleb128 0xe
 883 013a 03       		.uleb128 0x3
 884 013b 0E       		.uleb128 0xe
 885 013c 00       		.byte	0
 886 013d 00       		.byte	0
 887 013e 1A       		.uleb128 0x1a
 888 013f 2E       		.uleb128 0x2e
 889 0140 00       		.byte	0
 890 0141 3F       		.uleb128 0x3f
 891 0142 19       		.uleb128 0x19
 892 0143 3C       		.uleb128 0x3c
 893 0144 19       		.uleb128 0x19
 894 0145 6E       		.uleb128 0x6e
ARM GAS  C:\Users\Zeynep\AppData\Local\Temp\ccATGT5b.s 			page 22


 895 0146 0E       		.uleb128 0xe
 896 0147 03       		.uleb128 0x3
 897 0148 0E       		.uleb128 0xe
 898 0149 3A       		.uleb128 0x3a
 899 014a 0B       		.uleb128 0xb
 900 014b 3B       		.uleb128 0x3b
 901 014c 0B       		.uleb128 0xb
 902 014d 00       		.byte	0
 903 014e 00       		.byte	0
 904 014f 00       		.byte	0
 905              		.section	.debug_loc,"",%progbits
 906              	.Ldebug_loc0:
 907              	.LLST0:
 908 0000 00000000 		.4byte	.LVL0
 909 0004 09000000 		.4byte	.LVL2-1
 910 0008 0100     		.2byte	0x1
 911 000a 50       		.byte	0x50
 912 000b 09000000 		.4byte	.LVL2-1
 913 000f 0C000000 		.4byte	.LFE0
 914 0013 0400     		.2byte	0x4
 915 0015 F3       		.byte	0xf3
 916 0016 01       		.uleb128 0x1
 917 0017 50       		.byte	0x50
 918 0018 9F       		.byte	0x9f
 919 0019 00000000 		.4byte	0
 920 001d 00000000 		.4byte	0
 921              	.LLST1:
 922 0021 00000000 		.4byte	.LVL0
 923 0025 06000000 		.4byte	.LVL1
 924 0029 0100     		.2byte	0x1
 925 002b 51       		.byte	0x51
 926 002c 06000000 		.4byte	.LVL1
 927 0030 09000000 		.4byte	.LVL2-1
 928 0034 0100     		.2byte	0x1
 929 0036 52       		.byte	0x52
 930 0037 09000000 		.4byte	.LVL2-1
 931 003b 0C000000 		.4byte	.LFE0
 932 003f 0400     		.2byte	0x4
 933 0041 F3       		.byte	0xf3
 934 0042 01       		.uleb128 0x1
 935 0043 51       		.byte	0x51
 936 0044 9F       		.byte	0x9f
 937 0045 00000000 		.4byte	0
 938 0049 00000000 		.4byte	0
 939              	.LLST2:
 940 004d 60000000 		.4byte	.LVL6
 941 0051 64000000 		.4byte	.LVL7
 942 0055 0200     		.2byte	0x2
 943 0057 30       		.byte	0x30
 944 0058 9F       		.byte	0x9f
 945 0059 64000000 		.4byte	.LVL7
 946 005d 82000000 		.4byte	.LVL9
 947 0061 0100     		.2byte	0x1
 948 0063 54       		.byte	0x54
 949 0064 84000000 		.4byte	.LVL10
 950 0068 D2000000 		.4byte	.LVL12
 951 006c 0100     		.2byte	0x1
ARM GAS  C:\Users\Zeynep\AppData\Local\Temp\ccATGT5b.s 			page 23


 952 006e 54       		.byte	0x54
 953 006f 00000000 		.4byte	0
 954 0073 00000000 		.4byte	0
 955              	.LLST3:
 956 0077 64000000 		.4byte	.LVL7
 957 007b 82000000 		.4byte	.LVL9
 958 007f 0B00     		.2byte	0xb
 959 0081 74       		.byte	0x74
 960 0082 00       		.sleb128 0
 961 0083 36       		.byte	0x36
 962 0084 1E       		.byte	0x1e
 963 0085 03       		.byte	0x3
 964 0086 00000000 		.4byte	cfg_memset_list.4847
 965 008a 22       		.byte	0x22
 966 008b 9F       		.byte	0x9f
 967 008c 82000000 		.4byte	.LVL9
 968 0090 84000000 		.4byte	.LVL10
 969 0094 0B00     		.2byte	0xb
 970 0096 74       		.byte	0x74
 971 0097 7F       		.sleb128 -1
 972 0098 36       		.byte	0x36
 973 0099 1E       		.byte	0x1e
 974 009a 03       		.byte	0x3
 975 009b 00000000 		.4byte	cfg_memset_list.4847
 976 009f 22       		.byte	0x22
 977 00a0 9F       		.byte	0x9f
 978 00a1 00000000 		.4byte	0
 979 00a5 00000000 		.4byte	0
 980              		.section	.debug_aranges,"",%progbits
 981 0000 2C000000 		.4byte	0x2c
 982 0004 0200     		.2byte	0x2
 983 0006 00000000 		.4byte	.Ldebug_info0
 984 000a 04       		.byte	0x4
 985 000b 00       		.byte	0
 986 000c 0000     		.2byte	0
 987 000e 0000     		.2byte	0
 988 0010 00000000 		.4byte	.LFB0
 989 0014 0C000000 		.4byte	.LFE0-.LFB0
 990 0018 00000000 		.4byte	.LFB3
 991 001c 5C000000 		.4byte	.LFE3-.LFB3
 992 0020 5C000000 		.4byte	.LFB5
 993 0024 A8000000 		.4byte	.LFE5-.LFB5
 994 0028 00000000 		.4byte	0
 995 002c 00000000 		.4byte	0
 996              		.section	.debug_ranges,"",%progbits
 997              	.Ldebug_ranges0:
 998 0000 00000000 		.4byte	.LFB0
 999 0004 0C000000 		.4byte	.LFE0
 1000 0008 00000000 		.4byte	.LFB3
 1001 000c 5C000000 		.4byte	.LFE3
 1002 0010 5C000000 		.4byte	.LFB5
 1003 0014 04010000 		.4byte	.LFE5
 1004 0018 00000000 		.4byte	0
 1005 001c 00000000 		.4byte	0
 1006              		.section	.debug_line,"",%progbits
 1007              	.Ldebug_line0:
 1008 0000 10010000 		.section	.debug_str,"MS",%progbits,1
ARM GAS  C:\Users\Zeynep\AppData\Local\Temp\ccATGT5b.s 			page 24


 1008      0200BA00 
 1008      00000201 
 1008      FB0E0D00 
 1008      01010101 
 1009              	.LASF19:
 1010 0000 72656733 		.ascii	"reg32\000"
 1010      3200
 1011              	.LASF12:
 1012 0006 73697A65 		.ascii	"size_t\000"
 1012      5F7400
 1013              	.LASF27:
 1014 000d 4379496E 		.ascii	"CyIntSetVector\000"
 1014      74536574 
 1014      56656374 
 1014      6F7200
 1015              	.LASF25:
 1016 001c 6366675F 		.ascii	"cfg_memset_list\000"
 1016      6D656D73 
 1016      65745F6C 
 1016      69737400 
 1017              	.LASF31:
 1018 002c 443A5C54 		.ascii	"D:\\TUTORIALS\\PSOC_LAB1\\RGB_ButonControl.cydsn\000"
 1018      55544F52 
 1018      49414C53 
 1018      5C50534F 
 1018      435F4C41 
 1019              	.LASF21:
 1020 005a 436C6F63 		.ascii	"ClockSetup\000"
 1020      6B536574 
 1020      757000
 1021              	.LASF6:
 1022 0065 73686F72 		.ascii	"short unsigned int\000"
 1022      7420756E 
 1022      7369676E 
 1022      65642069 
 1022      6E7400
 1023              	.LASF16:
 1024 0078 666C6F61 		.ascii	"float\000"
 1024      7400
 1025              	.LASF23:
 1026 007e 73697A65 		.ascii	"size\000"
 1026      00
 1027              	.LASF18:
 1028 0083 72656738 		.ascii	"reg8\000"
 1028      00
 1029              	.LASF8:
 1030 0088 6C6F6E67 		.ascii	"long unsigned int\000"
 1030      20756E73 
 1030      69676E65 
 1030      6420696E 
 1030      7400
 1031              	.LASF13:
 1032 009a 75696E74 		.ascii	"uint8\000"
 1032      3800
 1033              	.LASF20:
 1034 00a0 43594D45 		.ascii	"CYMEMZERO\000"
 1034      4D5A4552 
ARM GAS  C:\Users\Zeynep\AppData\Local\Temp\ccATGT5b.s 			page 25


 1034      4F00
 1035              	.LASF4:
 1036 00aa 756E7369 		.ascii	"unsigned char\000"
 1036      676E6564 
 1036      20636861 
 1036      7200
 1037              	.LASF33:
 1038 00b8 6D656D73 		.ascii	"memset\000"
 1038      657400
 1039              	.LASF17:
 1040 00bf 646F7562 		.ascii	"double\000"
 1040      6C6500
 1041              	.LASF28:
 1042 00c6 4379496E 		.ascii	"CyIntEnable\000"
 1042      74456E61 
 1042      626C6500 
 1043              	.LASF14:
 1044 00d2 75696E74 		.ascii	"uint16\000"
 1044      313600
 1045              	.LASF15:
 1046 00d9 75696E74 		.ascii	"uint32\000"
 1046      333200
 1047              	.LASF0:
 1048 00e0 756E7369 		.ascii	"unsigned int\000"
 1048      676E6564 
 1048      20696E74 
 1048      00
 1049              	.LASF32:
 1050 00ed 63796669 		.ascii	"cyfitter_cfg\000"
 1050      74746572 
 1050      5F636667 
 1050      00
 1051              	.LASF22:
 1052 00fa 61646472 		.ascii	"address\000"
 1052      65737300 
 1053              	.LASF9:
 1054 0102 6C6F6E67 		.ascii	"long long unsigned int\000"
 1054      206C6F6E 
 1054      6720756E 
 1054      7369676E 
 1054      65642069 
 1055              	.LASF29:
 1056 0119 474E5520 		.ascii	"GNU C11 5.4.1 20160609 (release) [ARM/embedded-5-br"
 1056      43313120 
 1056      352E342E 
 1056      31203230 
 1056      31363036 
 1057 014c 616E6368 		.ascii	"anch revision 237715] -mcpu=cortex-m0 -mthumb -g -O"
 1057      20726576 
 1057      6973696F 
 1057      6E203233 
 1057      37373135 
 1058 017f 67202D66 		.ascii	"g -ffunction-sections -ffat-lto-objects\000"
 1058      66756E63 
 1058      74696F6E 
 1058      2D736563 
 1058      74696F6E 
ARM GAS  C:\Users\Zeynep\AppData\Local\Temp\ccATGT5b.s 			page 26


 1059              	.LASF24:
 1060 01a7 6366675F 		.ascii	"cfg_memset_t\000"
 1060      6D656D73 
 1060      65745F74 
 1060      00
 1061              	.LASF10:
 1062 01b4 73697A65 		.ascii	"sizetype\000"
 1062      74797065 
 1062      00
 1063              	.LASF1:
 1064 01bd 6C6F6E67 		.ascii	"long long int\000"
 1064      206C6F6E 
 1064      6720696E 
 1064      7400
 1065              	.LASF11:
 1066 01cb 63686172 		.ascii	"char\000"
 1066      00
 1067              	.LASF5:
 1068 01d0 73686F72 		.ascii	"short int\000"
 1068      7420696E 
 1068      7400
 1069              	.LASF26:
 1070 01da 43795379 		.ascii	"CySysClkWriteImoFreq\000"
 1070      73436C6B 
 1070      57726974 
 1070      65496D6F 
 1070      46726571 
 1071              	.LASF7:
 1072 01ef 6C6F6E67 		.ascii	"long int\000"
 1072      20696E74 
 1072      00
 1073              	.LASF2:
 1074 01f8 6C6F6E67 		.ascii	"long double\000"
 1074      20646F75 
 1074      626C6500 
 1075              	.LASF3:
 1076 0204 7369676E 		.ascii	"signed char\000"
 1076      65642063 
 1076      68617200 
 1077              	.LASF30:
 1078 0210 47656E65 		.ascii	"Generated_Source\\PSoC4\\cyfitter_cfg.c\000"
 1078      72617465 
 1078      645F536F 
 1078      75726365 
 1078      5C50536F 
 1079              		.ident	"GCC: (GNU Tools for ARM Embedded Processors) 5.4.1 20160609 (release) [ARM/embedded-5-bran
